
> front@ test /home/radan/Projects/PublyApp/publyapp/.worktrees/wt-827/apps/front
> node --test scripts/compose-startup.test.mjs && pnpm test:route-tree-guard && vitest run && pnpm test:design-guards && pnpm test:request-counter && pnpm test:search-cancel-css && pnpm test:context-chunk-isolation && pnpm test:design-system-guard && pnpm test:zindex-guard && pnpm test:react-compiler-guard && pnpm test:font-bundle && pnpm check:design-system && pnpm check:zindex && pnpm check:react-compiler

[32m✔ frontend E2E Compose gates startup on authenticated PostgreSQL SQL readiness [90m(66.552969ms)[39m[39m
[32m✔ contract rejects a healthcheck mutation that can hide SQL failure [90m(33.27479ms)[39m[39m
[32m✔ contract rejects a dependency-condition mutation that races migration [90m(20.142824ms)[39m[39m
[34mℹ tests 3[39m
[34mℹ suites 0[39m
[34mℹ pass 3[39m
[34mℹ fail 0[39m
[34mℹ cancelled 0[39m
[34mℹ skipped 0[39m
[34mℹ todo 0[39m
[34mℹ duration_ms 351.092635[39m

> front@ test:route-tree-guard /home/radan/Projects/PublyApp/publyapp/.worktrees/wt-827/apps/front
> node --test scripts/check-route-tree-freshness.test.mjs scripts/route-tree-generator.test.mjs && pnpm check:route-tree

[32m✔ a freshly generated tree reports stale: false [90m(1316.783618ms)[39m[39m
[32m✔ an edited route file without regeneration reports stale: true [90m(269.592991ms)[39m[39m
[32m✔ a hand-edited generated file reports stale: true [90m(76.137294ms)[39m[39m
[32m✔ a missing generated file reports stale: true [90m(8.096627ms)[39m[39m
[32m✔ the toolchain-injected SSR register footer alone does not read as stale [90m(152.082913ms)[39m[39m
[32m✔ a substantive edit under the injected footer still reports stale: true [90m(91.565586ms)[39m[39m
[32m✔ resolveGeneratorEntryUrl derives the generator from @tanstack/react-start via normal module resolution [90m(7.691989ms)[39m[39m
[32m✔ the resolved generator is the exact copy start-plugin-core declares [90m(1.598984ms)[39m[39m
[32m✔ the module source no longer hardcodes a store path or pinned generator version [90m(14.749806ms)[39m[39m
[32m✔ loadRouteTreeGenerator exposes the Generator/getConfig API [90m(668.418501ms)[39m[39m
[32m✔ resolveGeneratorEntryUrl is stable across calls [90m(0.278555ms)[39m[39m
[32m✔ generateRouteTree writes a non-empty routeTree.gen.ts into an isolated fixture root [90m(895.177718ms)[39m[39m
[34mℹ tests 12[39m
[34mℹ suites 0[39m
[34mℹ pass 12[39m
[34mℹ fail 0[39m
[34mℹ cancelled 0[39m
[34mℹ skipped 0[39m
[34mℹ todo 0[39m
[34mℹ duration_ms 2088.047181[39m

> front@ check:route-tree /home/radan/Projects/PublyApp/publyapp/.worktrees/wt-827/apps/front
> node scripts/check-route-tree-freshness.mjs

routeTree.gen.ts is up to date

 RUN  v4.1.9 /home/radan/Projects/PublyApp/publyapp/.worktrees/wt-827/apps/front

Not implemented: Window's scrollTo() method
Not implemented: Window's scrollTo() method
Not implemented: Window's scrollTo() method
Not implemented: Window's scrollTo() method
Not implemented: Window's scrollTo() method
Not implemented: Window's scrollTo() method
Not implemented: Window's scrollTo() method
Not implemented: Window's scrollTo() method
Not implemented: Window's scrollTo() method
Not implemented: Window's scrollTo() method
Not implemented: Window's scrollTo() method
Not implemented: Window's scrollTo() method
Not implemented: Window's scrollTo() method
Not implemented: Window's scrollTo() method
Not implemented: Window's scrollTo() method
Not implemented: Window's scrollTo() method
Not implemented: Window's scrollTo() method
Not implemented: Window's scrollTo() method
Not implemented: Window's scrollTo() method
Not implemented: Window's scrollTo() method
Not implemented: Window's scrollTo() method
Not implemented: Window's scrollTo() method
Not implemented: Window's scrollTo() method
Not implemented: Window's scrollTo() method
Not implemented: Window's scrollTo() method
Not implemented: Window's scrollTo() method
Not implemented: Window's scrollTo() method
Not implemented: Window's scrollTo() method
Not implemented: Window's scrollTo() method
Not implemented: Window's scrollTo() method
Not implemented: Window's scrollTo() method
Not implemented: Window's scrollTo() method
Not implemented: Window's scrollTo() method
Not implemented: Window's scrollTo() method
Not implemented: Window's scrollTo() method
Not implemented: Window's scrollTo() method
Not implemented: Window's scrollTo() method
Not implemented: Window's scrollTo() method
Not implemented: Window's scrollTo() method
Not implemented: Window's scrollTo() method
Not implemented: Window's scrollTo() method
Not implemented: Window's scrollTo() method
Not implemented: Window's scrollTo() method
Not implemented: Window's scrollTo() method
Not implemented: Window's scrollTo() method
Not implemented: Window's scrollTo() method
Not implemented: Window's scrollTo() method
Not implemented: Window's scrollTo() method
Not implemented: Window's scrollTo() method
Not implemented: Window's scrollTo() method
Not implemented: Window's scrollTo() method
Not implemented: Window's scrollTo() method
Not implemented: Window's scrollTo() method
Not implemented: Window's scrollTo() method
Not implemented: Window's scrollTo() method
Not implemented: Window's scrollTo() method
Not implemented: Window's scrollTo() method
Not implemented: Window's scrollTo() method
Not implemented: Window's scrollTo() method
Not implemented: Window's scrollTo() method
Not implemented: Window's scrollTo() method
Not implemented: Window's scrollTo() method
Not implemented: Window's scrollTo() method
Not implemented: Window's scrollTo() method
Not implemented: Window's scrollTo() method
Not implemented: Window's scrollTo() method
Not implemented: Window's scrollTo() method
Not implemented: Window's scrollTo() method
Not implemented: Window's scrollTo() method
Not implemented: Window's scrollTo() method
Not implemented: Window's scrollTo() method
Not implemented: Window's scrollTo() method
Not implemented: Window's scrollTo() method
Not implemented: Window's scrollTo() method
Not implemented: Window's scrollTo() method
Not implemented: Window's scrollTo() method
Not implemented: Window's scrollTo() method
Not implemented: Window's scrollTo() method
Not implemented: Window's scrollTo() method
Not implemented: Window's scrollTo() method
Not implemented: Window's scrollTo() method
Not implemented: Window's scrollTo() method
Not implemented: Window's scrollTo() method
Not implemented: Window's scrollTo() method
Not implemented: Window's scrollTo() method
Not implemented: Window's scrollTo() method
Not implemented: Window's scrollTo() method
Not implemented: Window's scrollTo() method
Not implemented: Window's scrollTo() method
Not implemented: Window's scrollTo() method
Not implemented: Window's scrollTo() method
Not implemented: Window's scrollTo() method
Not implemented: Window's scrollTo() method
Not implemented: Window's scrollTo() method
Not implemented: Window's scrollTo() method
Not implemented: Window's scrollTo() method
Not implemented: Window's scrollTo() method
Not implemented: Window's scrollTo() method
Not implemented: Window's scrollTo() method
Not implemented: Window's scrollTo() method
Not implemented: Window's scrollTo() method
Not implemented: Window's scrollTo() method
Not implemented: Window's scrollTo() method
Not implemented: Window's scrollTo() method
Not implemented: Window's scrollTo() method
Not implemented: Window's scrollTo() method
Not implemented: Window's scrollTo() method
Not implemented: Window's scrollTo() method
Not implemented: Window's scrollTo() method
Not implemented: Window's scrollTo() method
Not implemented: Window's scrollTo() method
Not implemented: Window's scrollTo() method
Not implemented: Window's scrollTo() method
Not implemented: Window's scrollTo() method
Not implemented: Window's scrollTo() method
Not implemented: Window's scrollTo() method
Not implemented: Window's scrollTo() method
Not implemented: Window's scrollTo() method
Not implemented: Window's scrollTo() method
Not implemented: Window's scrollTo() method
Not implemented: Window's scrollTo() method
Not implemented: Window's scrollTo() method
Not implemented: Window's scrollTo() method
Not implemented: Window's scrollTo() method
Not implemented: Window's scrollTo() method
Not implemented: Window's scrollTo() method
Not implemented: Window's scrollTo() method
Not implemented: Window's scrollTo() method
Not implemented: Window's scrollTo() method
Not implemented: Window's scrollTo() method
Not implemented: Window's scrollTo() method
Not implemented: Window's scrollTo() method
Not implemented: Window's scrollTo() method
Not implemented: Window's scrollTo() method
Not implemented: Window's scrollTo() method
Not implemented: Window's scrollTo() method
Not implemented: Window's scrollTo() method
Not implemented: Window's scrollTo() method
Not implemented: Window's scrollTo() method
Not implemented: Window's scrollTo() method

 Test Files  222 passed (222)
      Tests  2380 passed (2380)
   Start at  07:33:21
   Duration  305.81s (transform 34.65s, setup 69.20s, import 223.88s, tests 638.23s, environment 328.57s)


> front@ test:design-guards /home/radan/Projects/PublyApp/publyapp/.worktrees/wt-827/apps/front
> vitest run --config vitest.design-guards.config.ts


 RUN  v4.1.9 /home/radan/Projects/PublyApp/publyapp/.worktrees/wt-827/apps/front


 Test Files  2 passed (2)
      Tests  55 passed (55)
   Start at  07:38:28
   Duration  1.50s (transform 267ms, setup 165ms, import 721ms, tests 1.61s, environment 0ms)


> front@ test:request-counter /home/radan/Projects/PublyApp/publyapp/.worktrees/wt-827/apps/front
> node --test deploy/request-counter/control-routes.test.mjs

[32m✔ GET /__counter returns a method-specific count when method is provided [90m(1.207202ms)[39m[39m
[32m✔ GET /__counter without a method returns the path total for health checks and ad hoc probes [90m(0.222582ms)[39m[39m
[32m✔ POST /__counter/reset clears counts and returns ok [90m(0.689003ms)[39m[39m
[32m✔ unknown /__counter methods return 405 [90m(0.164939ms)[39m[39m
[32m✔ known control subpaths reject unsupported methods with 405 [90m(0.13814ms)[39m[39m
[32m✔ unknown /__counter/* paths return 404 [90m(0.112805ms)[39m[39m
[32m✔ dot-segment escapes under /__counter/* still return 404 [90m(0.127217ms)[39m[39m
[32m✔ non-control app paths that only start with /__counter fall through [90m(0.084916ms)[39m[39m
[34mℹ tests 8[39m
[34mℹ suites 0[39m
[34mℹ pass 8[39m
[34mℹ fail 0[39m
[34mℹ cancelled 0[39m
[34mℹ skipped 0[39m
[34mℹ todo 0[39m
[34mℹ duration_ms 45.793535[39m

> front@ test:search-cancel-css /home/radan/Projects/PublyApp/publyapp/.worktrees/wt-827/apps/front
> node --test scripts/search-cancel-css-policy.test.mjs && node scripts/check-search-cancel-css.mjs

[32m✔ accepts the sole canonical source rule [90m(7.290397ms)[39m[39m
[32m✔ accepts the sole canonical emitted rule [90m(0.229312ms)[39m[39m
[32m✔ rejects an attribute-selector spelling and reports both selectors and sources [90m(0.523717ms)[39m[39m
[32m✔ rejects a second rule inside a conditional at-rule [90m(0.288801ms)[39m[39m
[32m✔ rejects important on the canonical source declarations [90m(0.33114ms)[39m[39m
[32m✔ rejects a second emitted rule and identifies the built asset [90m(0.289933ms)[39m[39m
[32m✔ accepts a clean workspace across every shipped source root [90m(2.474545ms)[39m[39m
[32m✔ rejects the token in a shipped TSX style constant and reports every source occurrence [90m(1.360442ms)[39m[39m
[32m✔ rejects a sole canonical rule moved out of app.css into another stylesheet [90m(5.079922ms)[39m[39m
[32m✔ rejects a canonical stylesheet that has lost the suppression rule entirely [90m(1.140432ms)[39m[39m
[32m✔ rejects the reviewer route: an override bundled from packages/shared-ts [90m(1.207033ms)[39m[39m
[32m✔ rejects an override in client-ts, server.mjs, vite.config.ts and a local Vite plugin under apps/front/scripts [90m(2.960504ms)[39m[39m
[32m✔ does not count the token inside comments, which cannot ship CSS [90m(0.976945ms)[39m[39m
[32m✔ permits mentions in an inventoried file [90m(0.880464ms)[39m[39m
[32m✔ rejects a restoring rule carrying the retired allow marker in a production component [90m(0.992267ms)[39m[39m
[32m✔ rejects a restoring rule carrying the retired allow marker on the line above, in packages/shared-ts [90m(0.857532ms)[39m[39m
[32m✔ fails closed when a shipped source root is missing [90m(0.694439ms)[39m[39m
[32m✔ reports the token line, not the preceding JSDoc block, as the context for a TSX hit [90m(0.81336ms)[39m[39m
[32m✔ the shipped source roots stay pinned to what the build actually ships [90m(0.569073ms)[39m[39m
[32m✔ the mention inventory stays pinned to the four legitimate sites [90m(0.089588ms)[39m[39m
[32m✔ the emitted-bundle scan covers every executable and document artifact extension [90m(0.070088ms)[39m[39m
[32m✔ accepts emitted JavaScript that never mentions the token [90m(0.120664ms)[39m[39m
[32m✔ rejects a runtime style injection compiled into the client and server bundles [90m(0.225604ms)[39m[39m
[32m✔ rejects the token in emitted output even inside comment syntax [90m(0.136415ms)[39m[39m
[32m✔ rejects the token in emitted HTML [90m(0.08487ms)[39m[39m
[34mℹ tests 25[39m
[34mℹ suites 0[39m
[34mℹ pass 25[39m
[34mℹ fail 0[39m
[34mℹ cancelled 0[39m
[34mℹ skipped 0[39m
[34mℹ todo 0[39m
[34mℹ duration_ms 81.055681[39m
front search-cancel source policy: 1 canonical rule across 792 scanned source file(s) in 6 root(s) (apps/front/scripts, apps/front/src, apps/front/server.mjs, apps/front/vite.config.ts, packages/shared-ts, packages/client-ts); 24 inventoried mention(s) across 4 inventoried file(s).

> front@ test:context-chunk-isolation /home/radan/Projects/PublyApp/publyapp/.worktrees/wt-827/apps/front
> node --test scripts/check-context-chunk-isolation.test.mjs

[32m✔ resolves React createContext through every supported import and type form [90m(129.218321ms)[39m[39m
[32m✔ discovers React contexts from shorthand destructuring and shorthand object properties [90m(135.91674ms)[39m[39m
[32m✔ discovers contexts minted through a cross-file factory [90m(119.519001ms)[39m[39m
[32m✔ discovers contexts minted through a factory whose return type is a branded Context subtype [90m(110.436857ms)[39m[39m
[32m✔ does not inventory an interface whose heritage reference does not resolve [90m(118.005605ms)[39m[39m
[32m✔ discovers a context whose interface heritage clause sits on a later merged declaration [90m(114.690179ms)[39m[39m
[32m✔ discovers a context whose interface heritage is a generic type alias of Context [90m(123.99617ms)[39m[39m
[32m✔ discovers contexts destructured out of a cross-file factory call [90m(131.548205ms)[39m[39m
[32m✔ discovers factory-minted contexts in unbound holder positions [90m(130.219067ms)[39m[39m
[32m✔ records the exact source span of each discovered holder mint [90m(137.67219ms)[39m[39m
[32m✔ tracks a comma-chain holder mint only when the call is the chain value [90m(121.256728ms)[39m[39m
[32m✔ discovers each mint inside a conditional holder expression with its own span [90m(109.832569ms)[39m[39m
[32m✔ records a named conditional createContext declaration as one inventory entry [90m(106.097042ms)[39m[39m
[32m✔ discovers a context whose binding type is a union of Context members [90m(120.20277ms)[39m[39m
[32m✔ discovers a static class field context [90m(109.816222ms)[39m[39m
[32m✔ fails closed when React type declarations expose createContext without Context [90m(100.79603ms)[39m[39m
[32m✔ does not demand inventory entries for consumer-file aliases of a context [90m(116.446892ms)[39m[39m
[32m✔ keeps any-typed, unknown-typed, and unannotated let bindings invisible [90m(117.834798ms)[39m[39m
[32m✔ fails closed when a local or unrelated createContext symbol is imported through a factory [90m(117.752173ms)[39m[39m
[32m✔ counts a rendered element-access createContext callee in a TanStack route virtual-module sibling [90m(1.433715ms)[39m[39m
[32m✔ does not treat the member-name of a React namespace access as a factory value [90m(111.558387ms)[39m[39m
[32m✔ ignores React contexts declared in test source files [90m(120.934076ms)[39m[39m
[32m✔ discovers contexts through callee adapters and object holders even when the binding is any-typed [90m(114.228991ms)[39m[39m
[32m✔ does not report a local or unrelated createContext symbol [90m(110.016709ms)[39m[39m
[32m✔ fails closed for a dynamic React element access [90m(110.573913ms)[39m[39m
[32m✔ fails closed when a dynamic React element access is hoisted before the call [90m(110.316224ms)[39m[39m
[32m✔ fails closed when a dynamic object-holder access could be React createContext [90m(114.888542ms)[39m[39m
[32m✔ fails closed when a consumer copy references a context without minting it [90m(1.684404ms)[39m[39m
[32m✔ reports each React context whose source module is in multiple client chunks [90m(0.578152ms)[39m[39m
[32m✔ counts a TanStack route virtual-module sibling that still creates the context [90m(0.409449ms)[39m[39m
[32m✔ counts a TanStack Hydrate virtual-module sibling that still creates the context [90m(0.392056ms)[39m[39m
[32m✔ attributes a rendered mint by source position regardless of its rendered callee name [90m(0.272679ms)[39m[39m
[32m✔ counts a rendered factory mint held in an array element as a creator [90m(0.214951ms)[39m[39m
[32m✔ counts a rendered factory mint held in an export default as a creator [90m(0.203563ms)[39m[39m
[32m✔ fails closed when no rendered copy of a holder-mint module is attributed a mint [90m(0.359995ms)[39m[39m
[32m✔ fails when two positioned holder mints of a module share one chunk [90m(0.256566ms)[39m[39m
[32m✔ passes a single delivered copy of a holder-position mint when no rendered call is attributed [90m(0.175732ms)[39m[39m
[32m✔ fails closed when one rendered copy of a split module mints while the other only holds the route shim [90m(0.290369ms)[39m[39m
[32m✔ attributes a rendered holder mint at a recorded source position [90m(0.192311ms)[39m[39m
[32m✔ attributes a rendered IIFE holder mint at its recorded source position [90m(0.228991ms)[39m[39m
[32m✔ fails closed when a rendered copy ties its calls only outside the recorded mint positions [90m(0.299308ms)[39m[39m
[32m✔ fails closed when a copy ties a segment only to the mint call start [90m(0.277908ms)[39m[39m
[32m✔ fails closed when a delivered copy map collapses every position to the origin [90m(0.381326ms)[39m[39m
[32m✔ passes a single delivered copy even when its map collapses every position to the origin [90m(0.163472ms)[39m[39m
[32m✔ attributes a comma-chain-wrapped rendered holder mint at its recorded position [90m(0.143077ms)[39m[39m
[32m✔ attributes a rendered holder mint through a deconflicted binding name [90m(0.15732ms)[39m[39m
[32m✔ attributes a rendered holder mint through a nested property chain [90m(0.163375ms)[39m[39m
[32m✔ fails closed when a same-named helper call of another holder cannot be verified [90m(0.251758ms)[39m[39m
[32m✔ fails closed when a chunk delivering a context source emits no source map [90m(0.248361ms)[39m[39m
[32m✔ passes a single delivered copy when its chunk emits no source map [90m(0.101058ms)[39m[39m
[32m✔ fails closed for an unrecognized query derived from a context source module [90m(0.247081ms)[39m[39m
[32m✔ fails closed when a TanStack route sibling no longer contains the context and no copy mints [90m(0.322412ms)[39m[39m
[32m✔ decodes a real emitted chunk source map into standard positions [90m(0.357079ms)[39m[39m
[32m✔ scans emitted call argument lists without inventing or missing calls [90m(0.841718ms)[39m[39m
[32m✔ fails closed when a segment lies in the mint callee text and the copy cannot be verified [90m(0.255429ms)[39m[39m
[32m✔ fails with a named diagnostic instead of hanging on a malformed source map VLQ character [90m(0.185548ms)[39m[39m
[32m✔ bounds the malformed VLQ decode in a child process instead of letting a hang stall the suite [90m(25.571532ms)[39m[39m
[32m✔ fails with a named diagnostic on a truncated source map VLQ field [90m(0.341371ms)[39m[39m
[32m✔ fails with a named diagnostic when a source map VLQ field exceeds the value range [90m(0.249468ms)[39m[39m
[32m✔ fails with a named diagnostic on a source map segment with invalid field arity [90m(0.177621ms)[39m[39m
[32m✔ fails with a named diagnostic when a source map is not a version-3 map [90m(0.160345ms)[39m[39m
[32m✔ fails with a named diagnostic when a source map segment references an unknown source [90m(0.174263ms)[39m[39m
[32m✔ does not count a generated-only segment as an original position [90m(0.258697ms)[39m[39m
[32m✔ fails closed when a map places no position inside a call the copy emits [90m(0.339986ms)[39m[39m
[32m✔ fails closed when a non-minting copy covers the call it emits but ties to no recorded span [90m(0.239488ms)[39m[39m
[32m✔ fails closed when a wrong map lands a forged generated position inside a call [90m(0.295503ms)[39m[39m
[32m✔ treats a mint-callee string in a copy as inert — the string is never minting evidence [90m(0.38585ms)[39m[39m
[32m✔ deletes only the forced map the guard owns, never an exact-name unrelated asset [90m(0.503843ms)[39m[39m
[32m✔ type-checks the hand-written declaration file against the current runtime API [90m(101.8386ms)[39m[39m
[32m✔ fails the plugin when no React contexts are discovered [90m(115.871174ms)[39m[39m
[32m✔ fails the plugin when its checked-in context inventory loses a discovered context [90m(111.829565ms)[39m[39m
[32m✔ runs only for client builds and fails the plugin for unmapped or untyped source modules [90m(118.194765ms)[39m[39m
[32m✔ fails the plugin for a bundled first-party module outside front src that is absent from the TypeScript program [90m(108.380352ms)[39m[39m
[32m✔ fails a real TanStack route build when a context is minted through a cross-file factory [90m(1294.108622ms)[39m[39m
[32m✔ fails a real TanStack route build when a context is minted through a factory with a branded return type [90m(1268.099623ms)[39m[39m
[32m✔ fails a real TanStack route build when a factory-minted context is held in an object literal [90m(1294.370533ms)[39m[39m
[32m✔ fails a real TanStack route build when a context is destructured out of a cross-file factory call [90m(1304.022858ms)[39m[39m
[32m✔ fails a real TanStack route build when a context survives in its reference and split modules [90m(1339.736886ms)[39m[39m
[32m✔ fails a real TanStack route build when two context creators share one chunk [90m(1308.649296ms)[39m[39m
[32m✔ fails a real TanStack route build closed when split groups consume one shared context [90m(1282.912437ms)[39m[39m
[32m✔ fails a real TanStack route build closed when its reference module consumes a shared context [90m(1306.156989ms)[39m[39m
[32m✔ fails a real TanStack route build closed when its context is used only by the split component [90m(1265.429738ms)[39m[39m
[32m✔ F824-ui-F6: demands one inventory entry per createContext site when one file hosts several under one identity [90m(0.298769ms)[39m[39m
[32m✔ F824-ui-F6: flags an inventory entry whose site disappeared while another entry remains uncovered [90m(0.115935ms)[39m[39m
[32m✔ fails a real TanStack route build when a holder mint is imported under a renamed name [90m(1338.571887ms)[39m[39m
[32m✔ fails a real TanStack route build when a holder mint is imported as a default import [90m(1245.503708ms)[39m[39m
[32m✔ fails a real TanStack route build when a holder mint is wrapped in an IIFE [90m(1301.541414ms)[39m[39m
[32m✔ fails a real TanStack route build when a holder mint is wrapped in a comma chain [90m(1296.61992ms)[39m[39m
[32m✔ fails a real TanStack route build closed when a renamed-imported holder mint survives only in the split copy [90m(1275.319769ms)[39m[39m
[32m✔ fails a real TanStack route build closed when a default-imported holder mint survives only in the split copy [90m(1291.003573ms)[39m[39m
[32m✔ fails a real TanStack route build closed when a named-default-factory holder mint survives only in the split copy [90m(1249.32966ms)[39m[39m
[32m✔ fails a real TanStack route build closed when an IIFE-wrapped holder mint survives only in the split copy [90m(1278.478151ms)[39m[39m
[32m✔ fails a real TanStack route build closed when a comma-chain holder mint survives only in the split copy [90m(1261.710854ms)[39m[39m
[32m✔ passes a real TanStack route build when a comma chain discards the factory result [90m(1555.153567ms)[39m[39m
[32m✔ fails a real TanStack route build when a context is destructured through a nested pattern [90m(1256.40997ms)[39m[39m
[32m✔ fails a real TanStack route build closed when a split route owns an anonymous context used only by the split component [90m(1356.06178ms)[39m[39m
[32m✔ fails a real TanStack route build when anonymous default-factory holder copies share one chunk [90m(1291.245633ms)[39m[39m
[32m✔ fails a real TanStack route build when a same-named non-context helper must not mask two anonymous context mints [90m(1322.810866ms)[39m[39m
[32m✔ fails a real TanStack route build when a same-named export is deconflicted by the bundler [90m(1340.701799ms)[39m[39m
[32m✔ fails a real TanStack route build when the bundler rewrites the recorded holder binding and an unrelated call keeps the old name [90m(1311.760276ms)[39m[39m
[32m✔ fails a real TanStack route build when a conditional holder mints in every copy [90m(1316.347219ms)[39m[39m
[32m✔ fails a real TanStack route build when a context record is spread into a holder in every copy [90m(1335.314067ms)[39m[39m
[32m✔ fails a real TanStack route build closed when a split-module transform emits a coarse map [90m(1269.317852ms)[39m[39m
[32m✔ fails a real TanStack route build closed when the final split map forges two wrong positions [90m(3556.475518ms)[39m[39m
[32m✔ fails a real TanStack route build closed when a wrong map places a forged position inside an emitted call [90m(1697.956266ms)[39m[39m
[32m✔ passes a real TanStack route build when two anonymous contexts are minted in disjoint copies [90m(1627.647059ms)[39m[39m
[32m✔ fails a real TanStack route build when one of two disjoint anonymous contexts is minted in both copies [90m(1328.347115ms)[39m[39m
[32m✔ emits no client source map files after the guard consumes them while an unrelated map asset survives [90m(3888.509316ms)[39m[39m
[32m✔ emits no client source map files even when the output renames map files while an unrelated map asset survives [90m(2557.760853ms)[39m[39m
[32m✔ emits no client source map files even when the output renames maps to a non-.map extension [90m(1600.324383ms)[39m[39m
[32m✔ does not delete an unrelated map asset whose content equals a chunk map [90m(1589.299551ms)[39m[39m
[32m✔ fails a real TanStack route build closed when the per-module rendered mint identifier is renamed and the split map hides the mint [90m(1383.207321ms)[39m[39m
[32m✔ fails a real TanStack route build when the per-module rendered mint identifier is renamed and the map stays honest [90m(1280.455828ms)[39m[39m
[32m✔ survives an exact-name map asset a plugin places at a forced map key in a real build [90m(1804.980164ms)[39m[39m
[32m✔ survives a real-build map asset at a forced key whose sourcesContent is stripped, while the guard still strips its own maps [90m(1428.404051ms)[39m[39m
[32m✔ survives a minimal {"version":3} stub at a forced map key in a real build while the guard still strips its own maps [90m(1478.416729ms)[39m[39m
[34mℹ tests 116[39m
[34mℹ suites 0[39m
[34mℹ pass 116[39m
[34mℹ fail 0[39m
[34mℹ cancelled 0[39m
[34mℹ skipped 0[39m
[34mℹ todo 0[39m
[34mℹ duration_ms 65524.182602[39m

> front@ test:design-system-guard /home/radan/Projects/PublyApp/publyapp/.worktrees/wt-827/apps/front
> node --test scripts/check-design-system.test.mjs

[32m✔ the real node:test runner cleans its owned root when interrupted [90m(300.669186ms)[39m[39m
[32m✔ real handler wiring: a foreign commented root alone never resolves and the start timeout fails loud naming the buffer [90m(51.660613ms)[39m[39m
[32m✔ real handler wiring: the genuine uncommented nonce-bearing handshake resolves [90m(2.13946ms)[39m[39m
[32m✔ runner handshake resolves on an interleaved buffer with TAP comments around a real uncommented nonce-bearing handshake [90m(0.665364ms)[39m[39m
[32m✔ runner handshake keeps the real pid and root when a foreign commented handshake arrives later [90m(0.577623ms)[39m[39m
[32m✔ runner handshake does not resolve on a foreign child whose handshake lines are all TAP comments [90m(0.597967ms)[39m[39m
[32m✔ runner handshake rejects a foreign commented root that carries the predictable prefix without the nonce [90m(0.822113ms)[39m[39m
[32m✔ runner handshake rejects an uncommented root carrying a stale or wrong nonce [90m(0.83551ms)[39m[39m
[32m✔ runner handshake refuses to run without an unguessable expected nonce [90m(0.495265ms)[39m[39m
[32m✔ fixture cleanup handles SIGINT in a child process [90m(323.874819ms)[39m[39m
[32m✔ fixture cleanup handles SIGTERM in a child process [90m(317.045383ms)[39m[39m
[32m✔ fixture cleanup handles a failing node:test child process [90m(312.909128ms)[39m[39m
[32m✔ status menu guard accepts persistent value checkboxes and an exclusive reset [90m(18.643305ms)[39m[39m
[32m✔ status menu guard accepts an explicit reset-key-discovered menu [90m(1.780655ms)[39m[39m
[32m✔ status menu guard ignores persistent non-status filters [90m(1.317517ms)[39m[39m
[32m✔ status menu guard rejects missing showCheckbox [90m(1.398269ms)[39m[39m
[32m✔ status menu guard rejects closing status value [90m(1.18816ms)[39m[39m
[32m✔ status menu guard rejects a persistent status menu without All statuses [90m(1.207437ms)[39m[39m
[32m✔ status menu guard rejects an All statuses reset that shows a checkbox [90m(1.152059ms)[39m[39m
[32m✔ status menu guard rejects an All statuses reset that does not explicitly close [90m(1.234142ms)[39m[39m
[32m✔ status menu guard fails closed on spread-obscured item attributes [90m(1.530304ms)[39m[39m
[32m✔ status menu guard rejects a status value with showCheckbox={false} [90m(1.331778ms)[39m[39m
[32m✔ status menu guard rejects a reset with a non-literal closeOnClick value [90m(1.12677ms)[39m[39m
[32m✔ flags raw shell colors, prototype icons, native selects, confirms, and important overrides [90m(2.491093ms)[39m[39m
[32m✔ flags HeroUI, MUI, and Lucide imports in migration guard [90m(1.471288ms)[39m[39m
[32m✔ flags Lucide imports in migration guard [90m(0.777401ms)[39m[39m
[32m✔ flags legacy numbered HeroUI color scale utilities [90m(0.755827ms)[39m[39m
[32m✔ allows Gray UI token aliases [90m(0.712597ms)[39m[39m
[32m✔ allows ordinary JavaScript negation in shell and table foundation files [90m(1.705936ms)[39m[39m
[32m✔ flags legacy rounded styles outside allowed pockets [90m(2.989119ms)[39m[39m
[32m✔ flags new circular-style regressions in refreshed primitives [90m(1.082625ms)[39m[39m
[32m✔ keeps circular rounded exceptions for topbar/avatar while flagging primitives [90m(2.526875ms)[39m[39m
[32m✔ allows the profile icon-picker pencil-pin circular exception but flags an impostor selector that merely starts with its name [90m(6.017722ms)[39m[39m
[32m✔ flags new rounded styles even in files with legacy debt [90m(1.73822ms)[39m[39m
[32m✔ flags non-confirmation centered overlay wording and DialogPopup usage [90m(6.165967ms)[39m[39m
[32m✔ allows HeroUI imports and rules that should be exempt [90m(1.524768ms)[39m[39m
[32m✔ no longer exempts a deleted ui/dialog.tsx from DialogPopup usage (F12: dialog.tsx removed from the allowlist) [90m(0.952746ms)[39m[39m
[32m✔ allows raw tokens only in app.css [90m(1.290592ms)[39m[39m
[32m✔ reports the actual internal anchor when another anchor appears first [90m(0.983298ms)[39m[39m
[32m✔ primary button chrome is on .btn-primary-chrome, with no border-radius override (F6/F9) [90m(0.76086ms)[39m[39m
[32m✔ handoff design tokens are present in app.css [90m(0.742053ms)[39m[39m
[32m✔ allows issue references that look like numeric hex values in comments [90m(1.472226ms)[39m[39m
[32m✔ flags raw hex color strings and Tailwind arbitrary hex color utilities [90m(1.537093ms)[39m[39m
[32m✔ allows rgb and rgba references in comments [90m(1.230356ms)[39m[39m
[32m✔ flags rgb and rgba color strings and style declarations [90m(1.090254ms)[39m[39m
[32m✔ W6-GUARDS: flags a raw CSS named colour keyword in a declaration and an inline style object [90m(0.924979ms)[39m[39m
[32m✔ W6-GUARDS: does not flag a token reference whose name happens to contain a colour-name fragment (regression guard) [90m(0.597105ms)[39m[39m
[32m✔ F824-ui-F5: flags a raw hex colour built by string composition (evasion proof) [90m(1.031493ms)[39m[39m
[32m✔ W6-GUARDS: flags a raw hex and a raw named colour used in a box-shadow declaration [90m(0.581193ms)[39m[39m
[32m✔ r4-ui-F3: flags hsl/hwb/lab/lch/oklab/oklch/color() literals in property values, arbitrary Tailwind values, and custom properties [90m(1.103513ms)[39m[39m
[32m✔ r5-ui-F2: flags a quoted oklch() string literal (not just rgba) [90m(0.669011ms)[39m[39m
[32m✔ r5-ui-F2: flags a raw colour literal in a shadow-[] arbitrary utility, not just bg/text/border/ring [90m(0.802205ms)[39m[39m
[32m✔ r5-ui-F2: flags color-mix() whose operand is a raw hex/rgba literal, not a token reference [90m(1.239464ms)[39m[39m
[32m✔ r5-ui-F2 (hardened): flags a raw second operand after var(), a bare named colour, and color() [90m(0.954916ms)[39m[39m
[32m✔ r5-ui-F2 (hardened): does not flag a fully token-referencing color-mix() [90m(0.692993ms)[39m[39m
[32m✔ W6-GUARDS: flags a color-mix() operand whose var() carries a raw hex fallback [90m(0.780614ms)[39m[39m
[32m✔ W6-GUARDS: does not flag a color-mix() operand whose var() fallback is itself a safe token/keyword (regression guard) [90m(0.87032ms)[39m[39m
[32m✔ W5-HARDEN2: flags an uppercase-spelled color-mix() with a raw operand [90m(0.752039ms)[39m[39m
[32m✔ W5-HARDEN2: flags a color-mix() with a raw operand wrapped across multiple lines in a .tsx template literal [90m(0.715327ms)[39m[39m
[32m✔ W5-HARDEN2: does not flag a fully token-referencing color-mix() wrapped across multiple lines [90m(0.641417ms)[39m[39m
[32m✔ W5-HARDEN2: does not flag a fully token-referencing nested color-mix() or relative-colour operand [90m(0.748299ms)[39m[39m
[32m✔ W5-HARDEN2: still flags a nested color-mix() with its own raw operand, and a relative-colour operand based on a raw colour [90m(0.735636ms)[39m[39m
[32m✔ r4-ui-F3: token-theme-parity flags a light-only root oklch() token with no html.dark counterpart [90m(1.26859ms)[39m[39m
[32m✔ r4-ui-F3: does not flag color-mix() referencing a token as a raw colour literal [90m(0.692067ms)[39m[39m
[32m✔ flags wrapped internal staff and tenant anchors in authed routes [90m(0.894251ms)[39m[39m
[32m✔ flags a raw anchor whose href is a path-constant expression [90m(0.853008ms)[39m[39m
[32m✔ does not flag a TanStack Link with a path-constant `to` prop [90m(0.740912ms)[39m[39m
[32m✔ flags a page.route glob whose trailing single star cannot cross a path separator [90m(0.857264ms)[39m[39m
[32m✔ F824-tests-F4: flags a single-star glob on a chained receiver (page.context().route) [90m(0.653118ms)[39m[39m
[32m✔ a design-system-ignore marker suppresses only when it carries a reason [90m(3.16181ms)[39m[39m
[32m✔ a design-system-ignore marker in JSX-comment form still requires a reason beyond `*/}` [90m(1.917579ms)[39m[39m
[32m✔ F30: flags a single-star glob registered via context.route(), not just page.route() [90m(0.556758ms)[39m[39m
[32m✔ W6-GUARDS: flags a single-star glob registered via an aliased receiver, not just page/context [90m(0.55428ms)[39m[39m
[32m✔ W6-GUARDS: fails closed when a route glob is passed as a non-literal identifier, not inlined [90m(0.498902ms)[39m[39m
[32m✔ W6-GUARDS: does not fail closed on an ordinary interpolated template-literal glob (regression guard) [90m(0.476659ms)[39m[39m
[32m✔ F5: no-raw-visual-color is block-aware in app.css, not file-aware — raw hex outside :root/html.dark still fails [90m(0.839409ms)[39m[39m
[32m✔ r3 F3: no-raw-visual-color catches the border/outline shorthand, not just border-color/outline-color [90m(0.649704ms)[39m[39m
[32m✔ r3 F3: no-raw-visual-color catches a raw colour literal in a custom-property declaration [90m(0.593709ms)[39m[39m
[32m✔ r3 F3: token-theme-parity flags a selector-scoped custom property with no html.dark counterpart [90m(0.762496ms)[39m[39m
[32m✔ r3 F3: token-theme-parity does not flag a selector-scoped custom property that has a matching html.dark counterpart [90m(0.722928ms)[39m[39m
[32m✔ r3 F4: a design-system-ignore marker suppresses a default line-scan rule (no-prototype-icons) [90m(2.954644ms)[39m[39m
[32m✔ F6: throws on a vacuous scan (0 files) instead of silently passing [90m(0.517175ms)[39m[39m
[32m✔ F6: does not throw when the scan finds at least one file [90m(0.56295ms)[39m[39m
[32m✔ r3-F4: throws when one of several sourceDirs is missing, even though the combined total is non-zero [90m(0.535878ms)[39m[39m
[32m✔ F7: self-pruning stale-debt check flags a guardDebt entry whose source text no longer appears in its file [90m(0.771745ms)[39m[39m
[32m✔ F7: self-pruning stale-debt check does not flag a guardDebt entry that still matches [90m(1.037963ms)[39m[39m
[32m✔ r3 F10: self-pruning stale-debt check flags a guardDebt entry whose file no longer exists in the scan [90m(0.701786ms)[39m[39m
[32m✔ F7: self-pruning stale-debt check is opt-in — off by default so a fixture reusing a real debt file path is not misjudged [90m(0.648ms)[39m[39m
[32m✔ F9: no-important-foundation catches the Tailwind v4 `suffix!` syntax, not just the dead v3 `!prefix` form [90m(0.672068ms)[39m[39m
[32m✔ F9: no-important-foundation now scans app.css, where the real !important declarations live [90m(0.590899ms)[39m[39m
[32m✔ F824 ui F1: a guardDebt entry covers only its budgeted occurrences — violations beyond it are reported [90m(0.844478ms)[39m[39m
[32m✔ F824 tests F2: duplicate occurrences of a debt snippet consume the budget one-for-one [90m(0.903578ms)[39m[39m
[32m✔ F824: occurrences within an explicit budget stay suppressed [90m(0.821021ms)[39m[39m
[32m✔ r1-fix: a multi-occurrence line spends one budget unit per occurrence it carries [90m(0.842475ms)[39m[39m
[32m✔ r1-fix: every KNOWN_GUARD_DEBT budget equals the exact current occurrence count (zero slack) [90m(941.02139ms)[39m[39m
[32m✔ r1-fix: checkDebtBudgetSlack flags an entry whose budget exceeds the real occurrence count [90m(1.457966ms)[39m[39m
[32m✔ F824 ui F2: token-theme-parity flags a colour token declared only in html.dark [90m(0.861344ms)[39m[39m
[32m✔ F3: token-theme-parity flags a colour token declared in :root with no html.dark counterpart [90m(0.892419ms)[39m[39m
[32m✔ F3: token-theme-parity does not flag a token whose value only references another (already themed) token [90m(0.834014ms)[39m[39m
[32m✔ F3: token-theme-parity does not flag the documented theme-invariant allowlist [90m(0.628443ms)[39m[39m
[32m✔ F3: token-must-be-declared flags a --publy-* reference with no declaration anywhere in app.css [90m(0.964485ms)[39m[39m
[32m✔ F3: token-must-be-declared does not flag a reference to a token declared in app.css [90m(1.020227ms)[39m[39m
[32m✔ W6-GUARDS: token-must-be-declared still flags a reference whose only "declaration" is inside a CSS comment [90m(0.977178ms)[39m[39m
[32m✔ W6-GUARDS: token-theme-parity still flags a token whose only html.dark "counterpart" is inside a CSS comment [90m(0.57284ms)[39m[39m
[32m✔ F3: token guards are opt-in — off by default so an existing fixture without a full token layer is not misjudged [90m(1.038044ms)[39m[39m
[32m✔ F4: no-important-foundation now scans src/components/ui/ and src/routes/, where r1 left a bg-red-500!-shaped regression invisible [90m(1.0615ms)[39m[39m
[32m✔ F4: no-important-foundation excludes test-file string fixtures under src/routes/ from the widened scan [90m(0.945581ms)[39m[39m
[32m✔ F4: the real src/components/ui/ pre-existing `!`-suffix usages (badge, tabs, tooltip) are recorded debt, not silent violations [90m(862.96112ms)[39m[39m
[32m✔ F4: no-raw-visual-color is multi-line-aware — a wrapped box-shadow with the property name and the colour literal on different lines still fails [90m(1.031935ms)[39m[39m
[32m✔ F4: no-raw-visual-color multi-line scanning still respects the :root/html.dark token-layer exemption [90m(0.558759ms)[39m[39m
[32m✔ F4: the real .publy-selection-bar rule no longer hardcodes a raw rgb() shadow (moved to a token) [90m(0.465708ms)[39m[39m
[32m✔ F6: .publy-state-icon svg is declared exactly once (the un-layered copy); the layered duplicate is gone [90m(0.361268ms)[39m[39m
[32m✔ F6: the tbody last-child border-bottom rule no longer has a dead layered `{ border-bottom: 0 }` duplicate, and its comment no longer claims a specificity/order win [90m(0.550758ms)[39m[39m
[32m✔ F6: the auth panel, T6B, TEN-2 and P3 component rules moved into @layer components [90m(4.477101ms)[39m[39m
[32m✔ F1: the --publy-z-* popup stacking scale keeps popups above the drawer/dialog surface, which is above the overlay backdrop [90m(0.671582ms)[39m[39m
[32m✔ F3: the real app.css token layer passes both guards with zero violations [90m(833.449413ms)[39m[39m
[32m✔ app.css token-layer block ranges are computed once per scan, not per matched line [90m(805.326413ms)[39m[39m
[32m✔ checkSuppressionInventory: an undocumented design-system-ignore suppression fails the guard [90m(2.067051ms)[39m[39m
[32m✔ checkSuppressionInventory: is opt-in — off by default so ordinary fixtures are not misjudged against the real inventory [90m(1.39501ms)[39m[39m
[32m✔ checkSuppressionInventory: the real repo has zero drift against the committed inventory [90m(805.248884ms)[39m[39m
[32m✔ the live guard and suppression-inventory discovery never disagree on whether a line is a suppression site [90m(2.193068ms)[39m[39m
[32m✔ F824-shell-F3: a typoed rule id that merely prefixes the real id does not suppress the real rule [90m(0.784589ms)[39m[39m
[32m✔ F824-shell-F3: an unknown rule id in a design-system-ignore suppression is rejected with an explicit finding [90m(0.740983ms)[39m[39m
[32m✔ F824-shell-F3: the exact rule id still suppresses (boundary-fix control) [90m(0.767136ms)[39m[39m
[34mℹ tests 124[39m
[34mℹ suites 0[39m
[34mℹ pass 124[39m
[34mℹ fail 0[39m
[34mℹ cancelled 0[39m
[34mℹ skipped 0[39m
[34mℹ todo 0[39m
[34mℹ duration_ms 5961.403926[39m

> front@ test:zindex-guard /home/radan/Projects/PublyApp/publyapp/.worktrees/wt-827/apps/front
> node --test scripts/check-zindex-guard.test.mjs

[32m✔ guard structure (round 23 B1): every staticString() consumption routes through the three-outcome funnel [90m(46.134561ms)[39m[39m
[32m✔ classifier: every evasion shape is a raw z-index utility [90m(0.697472ms)[39m[39m
[32m✔ classifier: scale-routed and inert utilities are allowed [90m(0.359606ms)[39m[39m
[32m✔ classifier: unknown scale token is raw outside the canonical app.css scale [90m(0.107517ms)[39m[39m
[32m✔ classifier: undeclared scale tokens are raw without an explicit token set [90m(0.123196ms)[39m[39m
[32m✔ e2e: unknown scale utility is rejected while canonical utility stays green [90m(114.70311ms)[39m[39m
[32m✔ classifier: non-utilities are null [90m(0.252984ms)[39m[39m
[32m✔ evasion: template literal with substitution still yields the z-50 candidate [90m(1.306182ms)[39m[39m
[32m✔ evasion: @apply terminal and mid tokens are scanned directly [90m(0.44913ms)[39m[39m
[32m✔ evasion: cross-module constant class string is a delivery position [90m(0.507735ms)[39m[39m
[32m✔ evasion: important modifier and variants are stripped before classifying [90m(0.513163ms)[39m[39m
[32m✔ evasion: utility spanning a substitution boundary has no candidate [90m(1.355776ms)[39m[39m
[32m✔ evasion: literal stylesheet links cannot ship opaque CSS [90m(5.850922ms)[39m[39m
[32m✔ raw sinks: duplicate JSX link attributes obey source-order last-write-wins [90m(0.539024ms)[39m[39m
[32m✔ raw sinks (round 17 I1): JSX link attributes follow the source-ordered spread model [90m(6.482676ms)[39m[39m
[32m✔ raw sinks (round 19 B1): an overflowing rel/href candidate space is unresolvable, not unknown [90m(16.569122ms)[39m[39m
[32m✔ raw sinks (round 19 B1): a 131072-candidate rel that evaluates to stylesheet is red [90m(104.714059ms)[39m[39m
[32m✔ raw sinks (round 19 B1): an overflowing descriptor rel candidate space is unresolvable, not unknown [90m(4.776541ms)[39m[39m
[32m✔ evasion (round 23 I2): an identifier-supplied head function is a genuine route path [90m(0.706734ms)[39m[39m
[32m✔ evasion (round 23 I2): a block-bodied identifier head function is a genuine route path [90m(0.636944ms)[39m[39m
[32m✔ evasion (round 23 I2): createRootRouteWithContext config slots are policed like createRootRoute [90m(0.766979ms)[39m[39m
[32m✔ pair (round 23 I2): a dead head-shaped config object no route consumes stays green [90m(0.960989ms)[39m[39m
[32m✔ pair (round 21 I2): an ordinary metadata factory with a rel and no consumer stays green [90m(0.889672ms)[39m[39m
[32m✔ pair (round 21 I2): a standalone descriptor object with a literal stylesheet href and no sink stays green [90m(0.243213ms)[39m[39m
[32m✔ pair (round 21 I2): a head-consumed descriptor with a non-stylesheet rel stays green [90m(0.497292ms)[39m[39m
[32m✔ pair (round 21 I2): an overflowing href on <link rel="icon"> is inert [90m(30.831472ms)[39m[39m
[32m✔ evasion (round 21 I2): an overflowing href on a stylesheet-capable rel still reds [90m(26.227176ms)[39m[39m
[32m✔ raw sinks (round 19 B1): an overflowing registerProperty name candidate space is unresolvable, not unknown [90m(7.390044ms)[39m[39m
[32m✔ raw sinks (round 19 B1): an overflowing setProperty key candidate space is unresolvable, not unknown [90m(8.232512ms)[39m[39m
[32m✔ blocker (round 21 B1): an overflowing computed element-access key is unresolvable, not unknown [90m(56.113347ms)[39m[39m
[32m✔ pair (round 21 B1): a resolvable element-access key still reads the member and still reds on raw CSS [90m(1.13359ms)[39m[39m
[32m✔ pair (round 21 B1): a runtime computed key stays in the declared runtime bucket [90m(0.428816ms)[39m[39m
[32m✔ evasion (round 21 I1): bracket-spelled setProperty on a style declaration is red [90m(0.600325ms)[39m[39m
[32m✔ pair (round 21 I1): a method merely named setProperty on an unrelated object stays green [90m(0.405844ms)[39m[39m
[32m✔ pair (round 21 I1): a plain object .style member is data, not the CSSOM accessor [90m(0.358224ms)[39m[39m
[32m✔ evasion (round 21 I1): an aliased style-declaration receiver is still red [90m(0.387619ms)[39m[39m
[32m✔ evasion (round 21 I1): a function-local aliased receiver is still red [90m(0.401607ms)[39m[39m
[32m✔ pair (round 23 I1): an unbound destructured setProperty never reaches CSSOM [90m(0.356953ms)[39m[39m
[32m✔ evasion (round 23 I1): a bound setProperty alias reaches CSSOM and is not silent [90m(0.775888ms)[39m[39m
[32m✔ pair (round 23 I1): a bound setProperty alias with a non-reserved key fails loud unresolved [90m(0.412417ms)[39m[39m
[32m✔ evasion (round 23 I1): a destructured-then-bound setProperty alias is red [90m(0.492194ms)[39m[39m
[32m✔ pair (round 23 I1): a class instance .style member is data, not the CSSOM accessor [90m(1.076793ms)[39m[39m
[32m✔ evasion (round 23 I1): a CSSStyleDeclaration-typed parameter receiver is provably CSSOM [90m(0.476269ms)[39m[39m
[32m✔ pair (round 23 I1): a DOM-element-typed .style receiver with a benign key stays green [90m(0.657113ms)[39m[39m
[32m✔ evasion (round 23 I1): an unresolvable receiver is UNRESOLVED, not a benign default [90m(0.630848ms)[39m[39m
[32m✔ evasion: script cannot register a reserved scale token [90m(2.304445ms)[39m[39m
[32m✔ innocent: JSX links without a literal stylesheet destination stay clean [90m(2.454377ms)[39m[39m
[32m✔ evasion: JSX extensions use a JSX parser [90m(0.321856ms)[39m[39m
[32m✔ innocent: custom class with -z- mid-token is not a z-index assembly [90m(0.486674ms)[39m[39m
[32m✔ innocent (source level): type literal in a .d.ts and interface member [90m(0.625696ms)[39m[39m
[32m✔ innocent (source level): non-class JSX attributes [90m(0.226939ms)[39m[39m
[32m✔ innocent (source level): comparand that can never reach className [90m(0.412464ms)[39m[39m
[32m✔ innocent (source level): CSS attribute-selector value [90m(0.126772ms)[39m[39m
[32m✔ innocent (source level): z-auto is a legitimate non-stacking reset [90m(0.188534ms)[39m[39m
[32m✔ innocent (source level): z-fragment template outside a delivery position [90m(0.222477ms)[39m[39m
[32m✔ innocent (source level): production-candidate membership suppresses non-production candidates [90m(0.60712ms)[39m[39m
[32m✔ innocent (source level): class templates without a z fragment [90m(0.257578ms)[39m[39m
[32m✔ stripComments: removes comments but not strings or templates [90m(0.165372ms)[39m[39m
[32m✔ compiled-CSS gate: scale-routed, inert, and important-spelled declarations pass [90m(0.273218ms)[39m[39m
[32m✔ compiled-CSS gate: unknown scale token references are not on the canonical scale [90m(0.214369ms)[39m[39m
[32m✔ compiled-CSS gate (round 2): omitted canonical set fails closed for tokens and declarations [90m(0.407219ms)[39m[39m
[32m✔ source scan (round 2): static style payload uses the fail-closed canonical fallback [90m(0.893244ms)[39m[39m
[32m✔ compiled-CSS gate: raw numeric declarations are flagged [90m(0.179892ms)[39m[39m
[32m✔ compiled-CSS gate: allowlist is bound to ancestry, selector, and occurrence count [90m(0.368044ms)[39m[39m
[32m✔ compiled-CSS gate: property names are canonicalised (case and escapes) [90m(0.274525ms)[39m[39m
[32m✔ compiled-CSS gate: only Tailwind exact generated scale selector is accepted [90m(0.3797ms)[39m[39m
[32m✔ compiled-CSS gate: emitted tiers must belong to the canonical app.css scale [90m(0.154355ms)[39m[39m
[32m✔ compiled-CSS gate: emitted duplicate scale tier is rejected (cross-asset global counter) [90m(0.26559ms)[39m[39m
[32m✔ compiled-CSS gate: escaped important identifier is decoded before comparison [90m(0.169263ms)[39m[39m
[32m✔ compiled-CSS gate: allowlist occurrence count is global across assets [90m(0.241642ms)[39m[39m
[32m✔ e2e (round 7 M2): runZIndexGuard threads one allowlist counter through all emitted assets [90m(30.373619ms)[39m[39m
[32m✔ e2e (round 7 M3): emitted CSS assets are collected case-insensitively [90m(20.921946ms)[39m[39m
[32m✔ e2e (round 7 M3): productionBuild must return array-valued inline/raw path sets [90m(14.15708ms)[39m[39m
[32m✔ CSS gates: @property cannot register a reserved scale token [90m(0.552045ms)[39m[39m
[32m✔ CSS gates: non-registering at-rule params may reference the scale [90m(0.273343ms)[39m[39m
[32m✔ e2e (round 4 blocker 1): component-imported raw CSS is red in the emitted asset [90m(48.863588ms)[39m[39m
[32m✔ e2e (round 4 blocker 2): residual data-URL imports fail closed [90m(7.377609ms)[39m[39m
[32m✔ e2e (round 4 blocker 2): resolved local relative imports stay clean [90m(53.34186ms)[39m[39m
[32m✔ e2e (round 5 provenance): nested CSS imports retain authored filenames [90m(43.029534ms)[39m[39m
[32m✔ e2e (round 5 blocker 2): scans the fresh build result instead of stale dist [90m(6.230937ms)[39m[39m
[32m✔ e2e (round 5 blocker 2): guard-owned output overrides configured Vite outDir [90m(18.400986ms)[39m[39m
[32m✔ production-build contract failures still run supplied cleanup [90m(16.326631ms)[39m[39m
[32m✔ round 6 M3: an interrupted guard run removes the private build directory [90m(1028.827297ms)[39m[39m
[32m✔ e2e (round 5 important 2): unimported CSS samples stay green [90m(37.175798ms)[39m[39m
[32m✔ e2e (round 5 audit): unimported script link samples stay green [90m(33.268036ms)[39m[39m
[32m✔ e2e (round 6 I1): static JSX <style> element shipping raw z-index is red [90m(41.423612ms)[39m[39m
[32m✔ e2e (round 6 I1): static <style> with harmless scale-routed CSS stays green [90m(30.188722ms)[39m[39m
[32m✔ e2e: static String.raw style payloads are scanned by the real guard [90m(60.882294ms)[39m[39m
[32m✔ e2e (round 2): prefixed globals and const aliases of String.raw are scanned [90m(79.273205ms)[39m[39m
[32m✔ e2e (round 2): String.raw scans raw template text, not cooked text [90m(60.472841ms)[39m[39m
[32m✔ e2e (issue #1120): shadowed String.raw spellings stay in the runtime bucket — fail-closed through the real guard [90m(144.39803ms)[39m[39m
[32m✔ e2e (round 6 I1): ?inline CSS ships as JS and is red via the authored inline walk [90m(30.50286ms)[39m[39m
[32m✔ e2e (round 7 I2): ?inline on every Vite CSS language extension is red [90m(114.001192ms)[39m[39m
[32m✔ e2e (round 7 I2): ?raw on a non-CSS file holding CSS text is red [90m(32.810488ms)[39m[39m
[32m✔ e2e (round 7 I2): ?raw on plain non-CSS text stays green [90m(33.540027ms)[39m[39m
[32m✔ e2e (round 8 I3): ?raw CSS-looking text displayed in <pre> stays green [90m(47.741054ms)[39m[39m
[32m✔ e2e (round 8 I2): unparseable browser-valid ?raw CSS in a <style> sink is a named diagnostic [90m(36.236461ms)[39m[39m
[32m✔ e2e (round 8 I2/I3): the same unparseable bytes displayed as text stay green [90m(30.897853ms)[39m[39m
[32m✔ e2e (round 11 B2): module-scope const aliases of a raw binding reach a style sink [90m(85.931529ms)[39m[39m
[32m✔ e2e (round 11 B2): a template literal sink ships the raw binding bytes [90m(30.335208ms)[39m[39m
[32m✔ e2e (round 11 B2): a Vite root-absolute ?raw specifier resolves against the project root [90m(31.375343ms)[39m[39m
[32m✔ e2e (round 11 B2): an alias of a raw binding displayed in a text node stays green [90m(36.916899ms)[39m[39m
[32m✔ e2e (round 13 B2): the raw resolver evaluates the transparent expression family [90m(313.362487ms)[39m[39m
[32m✔ e2e (round 13 B2): a raw binding inside an unhandled style-sink expression is a named diagnostic [90m(139.482003ms)[39m[39m
[32m✔ e2e (round 15 B1): a partial element-access key reaching a recorded raw binding fails loud [90m(60.712897ms)[39m[39m
[32m✔ e2e (round 15 B1): a partial element-access key never reads a member the code does not read [90m(42.139773ms)[39m[39m
[32m✔ e2e (review B1): a conditional element-access key with a runtime branch never resolves only the static member [90m(58.640534ms)[39m[39m
[32m✔ e2e (round 15 B2/B3): every import binding shape of a ?raw module is recorded and resolved [90m(32.436906ms)[39m[39m
[32m✔ raw sinks (round 17 I3): a non-default named element is recorded by name, never by omission [90m(0.989465ms)[39m[39m
[32m✔ structural (round 17 B1 → round 19 B2): the single classifier and per-ID provenance are asserted behaviourally [90m(0.298648ms)[39m[39m
[32m✔ structural (round 17 B1): the classifier reads Vite-observable signals, never query tokens [90m(0.146138ms)[39m[39m
[32m✔ e2e (round 17 B1): a second query separator cannot hide a raw module from either classifier [90m(30.827597ms)[39m[39m
[32m✔ e2e (round 17 B1): emitted bytes and recorded provenance agree for multi-query raw modules [90m(38.079761ms)[39m[39m
[32m✔ e2e (round 19 I1): a ?url import of a file that is also ?raw-imported stays green [90m(37.068282ms)[39m[39m
[32m✔ e2e (round 13 B2): the static-string family resolves the same transparent expressions [90m(357.973233ms)[39m[39m
[32m✔ e2e (round 13 B2): static style text beside runtime children still ships and reds [90m(451.319157ms)[39m[39m
[32m✔ e2e (round 15 M2): an uncapped Cartesian product is a named diagnostic, not a hang [90m(73.952836ms)[39m[39m
[32m✔ e2e (round 17 I2): the Cartesian bound gates the work, not the legitimacy [90m(1835.495472ms)[39m[39m
[32m✔ e2e (round 17 B2): overflow is monotone through every expression-family combinator [90m(406.181986ms)[39m[39m
[32m✔ e2e (round 13 B2): conditional rel/href and reserved-token keys are candidate-aware [90m(95.301588ms)[39m[39m
[32m✔ e2e (round 13 B2): a style sink with no raw binding stays in the runtime bucket [90m(29.119777ms)[39m[39m
[32m✔ raw sinks: the import binding's sink, never the bytes, decides the walk [90m(2.761154ms)[39m[39m
[32m✔ e2e (round 13 I1/A2): every PostCSS failure shape is a named diagnostic [90m(174.450041ms)[39m[39m
[32m✔ e2e (round 11 I1/A3): a <style> raw sink with the binding after other children stays red [90m(75.686058ms)[39m[39m
[32m✔ raw sinks: a style-sink specifier resolving to no recorded module is a named diagnostic [90m(0.523607ms)[39m[39m
[32m✔ raw sinks (round 17 audit): an unmappable queried specifier still fails loud by name [90m(0.837115ms)[39m[39m
[32m✔ e2e (round 6 M2): scanner over an empty source root fails closed [90m(4.351223ms)[39m[39m
[32m✔ e2e (round 6 M2): no emitted CSS assets fails closed [90m(5.773923ms)[39m[39m
[32m✔ e2e (round 6 M2): app.css missing from build provenance fails closed [90m(5.270032ms)[39m[39m
[32m✔ e2e (round 6 I1): static dangerouslySetInnerHTML payload with a <style> is red [90m(29.689318ms)[39m[39m
[32m✔ e2e (round 19 B3): an EOF-closed <style> in static HTML is walked, not silently skipped [90m(29.769129ms)[39m[39m
[32m✔ e2e (round 6 I1): static dangerouslySetInnerHTML payload with a stylesheet <link> is red [90m(29.889111ms)[39m[39m
[32m✔ e2e (round 6 I1): static dangerouslySetInnerHTML with harmless HTML stays green [90m(43.200624ms)[39m[39m
[32m✔ e2e (round 7 I1/I4): static <style dangerouslySetInnerHTML> is red in both JSX spellings [90m(60.388501ms)[39m[39m
[32m✔ e2e (round 7 I1): self-closing <style> with scale-routed CSS stays green [90m(30.663427ms)[39m[39m
[32m✔ e2e (round 7 audit): a static literal spread cannot smuggle a style payload [90m(162.227374ms)[39m[39m
[32m✔ e2e (round 11 B1): a module-scope const object-literal spread resolves like the literal spelling [90m(30.642257ms)[39m[39m
[32m✔ e2e (round 13 B1): an opaque-only spread in a provably style-capable position is a named diagnostic [90m(107.333075ms)[39m[39m
[32m✔ e2e (round 8 I4): a later unresolved spread shadows an earlier static style payload [90m(32.38106ms)[39m[39m
[32m✔ e2e (round 8 I4): descriptor spreads obey source-order last-write-wins [90m(75.857615ms)[39m[39m
[32m✔ e2e (round 8 I4): an explicit raw payload after an unresolved spread stays red [90m(30.161478ms)[39m[39m
[32m✔ e2e (round 11 B1): registerProperty with a resolvable const spread stays red [90m(29.744379ms)[39m[39m
[32m✔ e2e (round 11 B1): a descriptor with a resolvable const spread stays red [90m(33.390085ms)[39m[39m
[32m✔ e2e (round 11 B1): an unresolvable spread shadowing static facts is a named diagnostic [90m(167.48632ms)[39m[39m
[32m✔ e2e (round 11 B1): an opaque spread before an explicit member stays red without a diagnostic [90m(30.187205ms)[39m[39m
[32m✔ e2e (round 13 B1): const-object alias chains resolve to a fixpoint at any depth [90m(139.565922ms)[39m[39m
[32m✔ e2e (round 13 B1): a spread const cycle terminates as an opaque named diagnostic [90m(133.214932ms)[39m[39m
[32m✔ e2e (round 13 B1): a shadowed module-scope const is not a spread source [90m(35.782421ms)[39m[39m
[32m✔ e2e (round 11 B1): the round-8 safe-payload reproduction stays green through resolution [90m(50.734311ms)[39m[39m
[32m✔ e2e (round 11 M1): a non-static dangerouslySetInnerHTML suppresses children inspection [90m(180.958304ms)[39m[39m
[32m✔ e2e (round 11 I1/A1): the transparent wrapper set at the spread member is equivalent [90m(428.98267ms)[39m[39m
[32m✔ e2e (round 13 I1/A1): nested transparent wrappers are unwrapped to a fixpoint [90m(1444.586814ms)[39m[39m
[32m✔ e2e (round 13 I1/A3): a raw binding at the last child position reds for any child count [90m(812.791633ms)[39m[39m
[32m✔ e2e (round 7 M1): unparseable static <style> payload is a named diagnostic, not a crash [90m(93.842376ms)[39m[39m
[32m✔ e2e (round 7 M1): unparseable static HTML <style> payload is a named diagnostic [90m(170.965443ms)[39m[39m
[32m✔ e2e (round 7 M1): ?raw CSS that cannot be parsed is a named diagnostic [90m(165.045003ms)[39m[39m
[32m✔ e2e (round 5 audit): build-reachable static script escapes are red [90m(97.824947ms)[39m[39m
[32m✔ e2e (round 5 policy): a build-reachable second scale stylesheet stays red [90m(146.257419ms)[39m[39m
[32m✔ e2e (round 5 minor 2): identical authored text cannot hide a distinct shipped violation [90m(38.802172ms)[39m[39m
[32m✔ e2e (blocker 1): @source inline("z-5") + 'z-' + 5 concatenation is red via the compiled gate [90m(301.662991ms)[39m[39m
[32m✔ e2e (blocker 1): [z-index:5] arbitrary property is red at source and in the compiled gate [90m(58.934779ms)[39m[39m
[32m✔ e2e (blocker 2): uppercase Z-INDEX property in an @utility is red [90m(128.950219ms)[39m[39m
[32m✔ e2e (blocker 2): escaped z-\69ndex property in an @utility is red [90m(343.039298ms)[39m[39m
[32m✔ e2e (blocker 3): both !important spellings of a scale utility stay green [90m(217.775396ms)[39m[39m
[32m✔ e2e (round 3 blocker 1): an outer rule changes the allowlisted ancestry [90m(484.462854ms)[39m[39m
[32m✔ e2e (round 3 blocker 1): @media changes the allowlisted ancestry [90m(65.212405ms)[39m[39m
[32m✔ e2e (round 3 blocker 1): @supports changes the allowlisted ancestry [90m(63.16846ms)[39m[39m
[32m✔ e2e (round 3 blocker 1): the allowance requires the expected @layer [90m(83.591771ms)[39m[39m
[32m✔ e2e (round 3 blocker 2): CSS // custom-property value cannot hide the next declaration [90m(30.25641ms)[39m[39m
[32m✔ e2e (round 3 important 1): braces in a custom-property value stay clean [90m(38.404462ms)[39m[39m
[32m✔ e2e (round 3 important 2): CSS keywords and function names are ASCII-case-insensitive [90m(44.781767ms)[39m[39m
[32m✔ e2e (round 3 important 3): escaped important is decoded before comparison [90m(52.721189ms)[39m[39m
[32m✔ e2e (round 3 audit): local scale-token definitions cannot smuggle raw stacking values [90m(31.655484ms)[39m[39m
[32m✔ e2e (round 3 audit): adding a tier in the global scale stays clean [90m(31.153104ms)[39m[39m
[32m✔ e2e (round 3 audit): script code cannot shadow a scale token [90m(31.536749ms)[39m[39m
[32m✔ e2e (round 4 blocker 3): module const setProperty key cannot shadow a scale token [90m(32.581881ms)[39m[39m
[32m✔ e2e (round 4 important 1): imported root token override is rejected by provenance [90m(47.205011ms)[39m[39m
[32m✔ e2e (round 4 important 1): duplicate canonical tiers are rejected [90m(31.613233ms)[39m[39m
[32m✔ e2e (round 3 audit): escaped and spaced safe values stay clean [90m(32.377028ms)[39m[39m
[32m✔ e2e (innocent #987 scoping): component 1 stays green on the innocent constructs; their shipped pollution is a compiled-gate true positive [90m(81.489002ms)[39m[39m
[32m✔ unmodified repository passes with zero violations [90m(17380.640421ms)[39m[39m
[34mℹ tests 181[39m
[34mℹ suites 0[39m
[34mℹ pass 181[39m
[34mℹ fail 0[39m
[34mℹ cancelled 0[39m
[34mℹ skipped 0[39m
[34mℹ todo 0[39m
[34mℹ duration_ms 32108.863343[39m

> front@ test:react-compiler-guard /home/radan/Projects/PublyApp/publyapp/.worktrees/wt-827/apps/front
> node --test scripts/check-react-compiler.test.mjs

[32m✔ runtime chunk pattern matches hashed compiler-runtime chunks only [90m(0.751002ms)[39m[39m
[32m✔ a healthy build passes: runtime chunk plus enough compiled modules [90m(1.072625ms)[39m[39m
[32m✔ annotation mode with zero annotations is caught via MISSING_RUNTIME [90m(0.291624ms)[39m[39m
[32m✔ the compare pattern matches real compiled cache slots only [90m(0.102331ms)[39m[39m
[32m✔ a vanished dist is caught via MISSING_DIST [90m(0.205381ms)[39m[39m
[32m✔ a runtime chunk with zero compiled modules is caught [90m(0.268077ms)[39m[39m
[32m✔ a compile-count collapse below the floor is caught [90m(0.235586ms)[39m[39m
[32m✔ the pinned floor is exactly 80 percent of the measured baseline [90m(0.889823ms)[39m[39m
[32m✔ collectClientJsFiles reports missing directories as null [90m(0.225339ms)[39m[39m
[34mℹ tests 9[39m
[34mℹ suites 0[39m
[34mℹ pass 9[39m
[34mℹ fail 0[39m
[34mℹ cancelled 0[39m
[34mℹ skipped 0[39m
[34mℹ todo 0[39m
[34mℹ duration_ms 52.433221[39m

> front@ test:font-bundle /home/radan/Projects/PublyApp/publyapp/.worktrees/wt-827/apps/front
> node --test scripts/verify-font-bundle.test.mjs

[32m✔ rejection names the failing font file when compressed data overruns the payload [90m(28.492234ms)[39m[39m
[32m✔ rejection names the failing font file when the table directory is truncated [90m(24.529203ms)[39m[39m
[32m✔ rejection names the failing locale file when its JSON is malformed [90m(25.382279ms)[39m[39m
[32m✔ rejection surfaces a locale file read failure as a read error, not a JSON error [90m(25.047152ms)[39m[39m
[34mℹ tests 4[39m
[34mℹ suites 0[39m
[34mℹ pass 4[39m
[34mℹ fail 0[39m
[34mℹ cancelled 0[39m
[34mℹ skipped 0[39m
[34mℹ todo 0[39m
[34mℹ duration_ms 146.380371[39m

> front@ check:design-system /home/radan/Projects/PublyApp/publyapp/.worktrees/wt-827/apps/front
> node scripts/check-design-system.mjs

front design-system guard: scanned 616 files, 0 violations

> front@ check:zindex /home/radan/Projects/PublyApp/publyapp/.worktrees/wt-827/apps/front
> node scripts/check-zindex-guard.mjs

z-index guard: OK — 582 files, 16464 candidates, every z-index utility routes through the --publy-z-* scale.

> front@ check:react-compiler /home/radan/Projects/PublyApp/publyapp/.worktrees/wt-827/apps/front
> node scripts/check-react-compiler.mjs

front React Compiler artifacts: runtime chunk compiler-runtime-CNG2r3iR.js; 96 compiled module(s) >= floor 72 (of 335 client chunks).
CHAIN_STATUS=0 WALL=442.1s
