[heavy] burning 12 cores for 150s
../../.dump/wt827/repro.vitest.config.ts (4:29) [33m[UNRESOLVED_IMPORT] [0mCould not resolve 'vitest/config' in ../../.dump/wt827/repro.vitest.config.ts
   [38;5;246m╭[0m[38;5;246m─[0m[38;5;246m[[0m ../../.dump/wt827/repro.vitest.config.ts:4:30 [38;5;246m][0m
   [38;5;246m│[0m
 [38;5;246m4 │[0m [38;5;249mi[0m[38;5;249mm[0m[38;5;249mp[0m[38;5;249mo[0m[38;5;249mr[0m[38;5;249mt[0m[38;5;249m [0m[38;5;249m{[0m[38;5;249m [0m[38;5;249md[0m[38;5;249me[0m[38;5;249mf[0m[38;5;249mi[0m[38;5;249mn[0m[38;5;249me[0m[38;5;249mC[0m[38;5;249mo[0m[38;5;249mn[0m[38;5;249mf[0m[38;5;249mi[0m[38;5;249mg[0m[38;5;249m [0m[38;5;249m}[0m[38;5;249m [0m[38;5;249mf[0m[38;5;249mr[0m[38;5;249mo[0m[38;5;249mm[0m[38;5;249m [0m'vitest/config'[38;5;249m;[0m
 [38;5;240m  │[0m                              ───────┬───────  
 [38;5;240m  │[0m                                     ╰───────── Module not found, treating it as an external dependency
[38;5;246m───╯[0m

../../.dump/wt827/repro.vitest.config.ts (4:29) [33m[UNRESOLVED_IMPORT] [0mCould not resolve 'vitest/config' in ../../.dump/wt827/repro.vitest.config.ts
   [38;5;246m╭[0m[38;5;246m─[0m[38;5;246m[[0m ../../.dump/wt827/repro.vitest.config.ts:4:30 [38;5;246m][0m
   [38;5;246m│[0m
 [38;5;246m4 │[0m [38;5;249mi[0m[38;5;249mm[0m[38;5;249mp[0m[38;5;249mo[0m[38;5;249mr[0m[38;5;249mt[0m[38;5;249m [0m[38;5;249m{[0m[38;5;249m [0m[38;5;249md[0m[38;5;249me[0m[38;5;249mf[0m[38;5;249mi[0m[38;5;249mn[0m[38;5;249me[0m[38;5;249mC[0m[38;5;249mo[0m[38;5;249mn[0m[38;5;249mf[0m[38;5;249mi[0m[38;5;249mg[0m[38;5;249m [0m[38;5;249m}[0m[38;5;249m [0m[38;5;249mf[0m[38;5;249mr[0m[38;5;249mo[0m[38;5;249mm[0m[38;5;249m [0m'vitest/config'[38;5;249m;[0m
 [38;5;240m  │[0m                              ───────┬───────  
 [38;5;240m  │[0m                                     ╰───────── Module not found, treating it as an external dependency
[38;5;246m───╯[0m

../../.dump/wt827/repro.vitest.config.ts (4:29) [33m[UNRESOLVED_IMPORT] [0mCould not resolve 'vitest/config' in ../../.dump/wt827/repro.vitest.config.ts
   [38;5;246m╭[0m[38;5;246m─[0m[38;5;246m[[0m ../../.dump/wt827/repro.vitest.config.ts:4:30 [38;5;246m][0m
   [38;5;246m│[0m
 [38;5;246m4 │[0m [38;5;249mi[0m[38;5;249mm[0m[38;5;249mp[0m[38;5;249mo[0m[38;5;249mr[0m[38;5;249mt[0m[38;5;249m [0m[38;5;249m{[0m[38;5;249m [0m[38;5;249md[0m[38;5;249me[0m[38;5;249mf[0m[38;5;249mi[0m[38;5;249mn[0m[38;5;249me[0m[38;5;249mC[0m[38;5;249mo[0m[38;5;249mn[0m[38;5;249mf[0m[38;5;249mi[0m[38;5;249mg[0m[38;5;249m [0m[38;5;249m}[0m[38;5;249m [0m[38;5;249mf[0m[38;5;249mr[0m[38;5;249mo[0m[38;5;249mm[0m[38;5;249m [0m'vitest/config'[38;5;249m;[0m
 [38;5;240m  │[0m                              ───────┬───────  
 [38;5;240m  │[0m                                     ╰───────── Module not found, treating it as an external dependency
[38;5;246m───╯[0m


 RUN  v4.1.9 /home/radan/Projects/PublyApp/publyapp/.worktrees/wt-827/apps/front

 ❯ |design-guards| src/routes/authed/staff/tenants.test.tsx (37 tests | 1 failed) 13374ms
     × disables the bulk actions trigger and shows the max-count message once selection exceeds BULK_ACTION_MAX_COUNT 5369ms
 ❯ |design-guards| src/routes/authed/staff/tenants/$tenantId/profiles.test.tsx (40 tests | 1 failed) 11126ms
     × disables bulk delete and shows the max-count message once selection exceeds BULK_ACTION_MAX_COUNT 5661ms
 ❯ |design-guards| src/routes/authed/staff/tenants/$tenantId/users.test.tsx (40 tests | 1 failed) 13762ms
     × disables the bulk actions trigger and shows the max-count message once selection exceeds BULK_ACTION_MAX_COUNT 5801ms
 ❯ |app| src/routes/authed/staff/tenants/$tenantId/profiles.test.tsx (40 tests | 1 failed) 9095ms
     × disables bulk delete and shows the max-count message once selection exceeds BULK_ACTION_MAX_COUNT 3754ms

⎯⎯⎯⎯⎯⎯⎯ Failed Tests 4 ⎯⎯⎯⎯⎯⎯⎯

 FAIL  |app| src/routes/authed/staff/tenants/$tenantId/profiles.test.tsx > staff tenant profiles route > disables bulk delete and shows the max-count message once selection exceeds BULK_ACTION_MAX_COUNT
TestingLibraryElementError: Unable to find role="button" and name "Delete selected"

Ignored nodes: comments, script, style
[36m<body[39m
  [33mstyle[39m=[32m""[39m
[36m>[39m
  [36m<div>[39m
    [36m<div[39m
      [33mclass[39m=[32m"publy-detail-page flex w-full flex-col gap-5 h-full min-h-0"[39m
      [33mdata-body-scroll[39m=[32m"contained"[39m
      [33mdata-testid[39m=[32m"staff-tenant-profiles-page"[39m
    [36m>[39m
      [36m<div[39m
        [33mclass[39m=[32m"flex shrink-0 flex-wrap items-center justify-between gap-3"[39m
      [36m>[39m
        [36m<a[39m
          [33mclass[39m=[32m"publy-back-link"[39m
          [33mhref[39m=[32m"/staff/tenants"[39m
        [36m>[39m
          [36m<svg[39m
            [33maria-hidden[39m=[32m"true"[39m
            [33mclass[39m=[32m"tabler-icon tabler-icon-arrow-left size-3"[39m
            [33mfill[39m=[32m"none"[39m
            [33mheight[39m=[32m"24"[39m
            [33mstroke[39m=[32m"currentColor"[39m
            [33mstroke-linecap[39m=[32m"round"[39m
            [33mstroke-linejoin[39m=[32m"round"[39m
            [33mstroke-width[39m=[32m"2"[39m
            [33mviewBox[39m=[32m"0 0 24 24"[39m
            [33mwidth[39m=[32m"24"[39m
            [33mxmlns[39m=[32m"http://www.w3.org/2000/svg"[39m
          [36m>[39m
            [36m<path[39m
              [33md[39m=[32m"M5 12l14 0"[39m
            [36m/>[39m
            [36m<path[39m
              [33md[39m=[32m"M5 12l6 6"[39m
            [36m/>[39m
            [36m<path[39m
              [33md[39m=[32m"M5 12l6 -6"[39m
            [36m/>[39m
          [36m</svg>[39m
          [0mback-to-staff-tenants[0m
        [36m</a>[39m
      [36m</div>[39m
      [36m<header[39m
        [33mclass[39m=[32m"flex shrink-0 flex-wrap items-start justify-between gap-4"[39m
      [36m>[39m
        [36m<div[39m
          [33mclass[39m=[32m"flex items-start gap-4"[39m
        [36m>[39m
          [36m<span[39m
            [33maria-hidden[39m=[32m"true"[39m
            [33mclass[39m=[32m"publy-brand-tile"[39m
            [33mdata-palette[39m=[32m"7"[39m
          [36m>[39m
            [0mAC[0m
          [36m</span>[39m
          [36m<div[39m
            [33mclass[39m=[32m"min-w-0 space-y-1"[39m
          [36m>[39m
            [36m<div[39m
              [33mclass[39m=[32m"flex flex-wrap items-center gap-2"[39m
            [36m>[39m
              [36m<h1[39m
                [33mclass[39m=[32m"publy-tenant-identity-name"[39m
              [36m>[39m
                [0mAcme Corporation[0m
              [36m</h1>[39m
              [36m<span[39m
                [33mclass[39m=[32m"publy-status-pill"[39m
                [33mdata-tone[39m=[32m"success"[39m
              [36m>[39m
                [0mstatus-active[0m
              [36m</span>[39m
            [36m</div>[39m
            [36m<p[39m
              [33mclass[39m=[32m"publy-tenant-identity-meta flex items-center gap-1"[39m
            [36m>[39m
              [36m<span[39m
                [33mclass[39m=[32m"publy-tenant-identity-meta-prefix"[39m
              [36m>[39m
                [0mpublyapp.com/[0m
              [36m</span>[39m
              [36m<span[39m
                [33mclass[39m=[32m"publy-tenant-identity-meta-code"[39m
              [36m>[39m
                [0mACME[0m
              [36m</span>[39m
              [36m<span[39m
                [33maria-live[39m=[32m"polite"[39m
                [33mclass[39m=[32m"sr-only"[39m
                [33mid[39m=[32m"«r11d»"[39m
                [33mrole[39m=[32m"status"[39m
              [36m/>[39m
              [36m<button[39m
                [33maria-label[39m=[32m"copy-slug"[39m
                [33mclass[39m=[32m"group/button inline-flex shrink-0 cursor-pointer items-center justify-center border border-transparent bg-clip-padding text-sm font-medium whitespace-nowrap transition-all outline-none select-none focus-visible:border-ring focus-visible:ring-3 focus-visible:ring-ring active:not-aria-[haspopup]:translate-y-px disabled:pointer-events-none disabled:cursor-not-allowed disabled:opacity-50 aria-invalid:border-destructive aria-invalid:ring-3 aria-invalid:ring-destructive/20 dark:aria-invalid:border-destructive/50 dark:aria-invalid:ring-destructive/40 aria-invalid:focus-visible:border-ring aria-invalid:focus-visible:ring-ring dark:aria-invalid:focus-visible:border-ring dark:aria-invalid:focus-visible:ring-ring [&_svg]:pointer-events-none [&_svg]:shrink-0 [&_svg:not([class*='size-'])]:size-4 hover:bg-muted hover:text-foreground aria-expanded:bg-muted aria-expanded:text-foreground dark:hover:bg-muted/50 size-8 rounded-[var(--publy-radius-small-control)]"[39m
                [33mdata-slot[39m=[32m"tooltip-trigger"[39m
                [33mdata-state[39m=[32m"idle"[39m
                [33mdata-testid[39m=[32m"tenant-meta-code-copy"[39m
                [33mid[39m=[32m"base-ui-«r11f»"[39m
                [33mtabindex[39m=[32m"0"[39m
                [33mtype[39m=[32m"button"[39m
              [36m>[39m
                [36m<svg[39m
                  [33maria-hidden[39m=[32m"true"[39m
                  [33mclass[39m=[32m"tabler-icon tabler-icon-copy size-3.5"[39m
                  [33mfill[39m=[32m"none"[39m
                  [33mheight[39m=[32m"24"[39m
                  [33mstroke[39m=[32m"currentColor"[39m
                  [33mstroke-linecap[39m=[32m"round"[39m
                  [33mstroke-linejoin[39m=[32m"round"[39m
                  [33mstroke-width[39m=[32m"2"[39m
                  [33mviewBox[39m=[32m"0 0 24 24"[39m
                  [33mwidth[39m=[32m"24"[39m
                  [33mxmlns[39m=[32m"http://www.w3.org/2000/svg"[39m
                [36m>[39m
                  [36m<path[39m
                    [33md[39m=[32m"M7 9.667a2.667 2.667 0 0 1 2.667 -2.667h8.666a2.667 2.667 0 0 1 2.667 2.667v8.666a2.667 2.667 0 0 1 -2.667 2.667h-8.666a2.667 2.667 0 0 1 -2.667 -2.667l0 -8.666"[39m
                  [36m/>[39m
                  [36m<path[39m
                    [33md[39m=[32m"M4.012 16.737a2.005 2.005 0 0 1 -1.012 -1.737v-10c0 -1.1 .9 -2 2 -2h10c.75 0 1.158 .385 1.5 1"[39m
                  [36m/>[39m
                [36m</svg>[39m
              [36m</button>[39m
              [36m<span>[39m
                [0m [0m
                [0m· [0m
                [0m12 members[0m
                [0m ·[0m
                [0m [0m
                [0mtenant-owner-count[0m
                [0m ·[0m
                [0m [0m
                [0msince-date[0m
              [36m</span>[39m
            [36m</p>[39m
          [36m</div>[39m
        [36m</div>[39m
        [36m<a[39m
          [33mclass[39m=[32m"group/button inline-flex shrink-0 cursor-pointer items-center justify-center border border-transparent bg-clip-padding text-sm font-medium whi...

Ignored nodes: comments, script, style
[36m<body[39m
  [33mstyle[39m=[32m""[39m
[36m>[39m
  [36m<div>[39m
    [36m<div[39m
      [33mclass[39m=[32m"publy-detail-page flex w-full flex-col gap-5 h-full min-h-0"[39m
      [33mdata-body-scroll[39m=[32m"contained"[39m
      [33mdata-testid[39m=[32m"staff-tenant-profiles-page"[39m
    [36m>[39m
      [36m<div[39m
        [33mclass[39m=[32m"flex shrink-0 flex-wrap items-center justify-between gap-3"[39m
      [36m>[39m
        [36m<a[39m
          [33mclass[39m=[32m"publy-back-link"[39m
          [33mhref[39m=[32m"/staff/tenants"[39m
        [36m>[39m
          [36m<svg[39m
            [33maria-hidden[39m=[32m"true"[39m
            [33mclass[39m=[32m"tabler-icon tabler-icon-arrow-left size-3"[39m
            [33mfill[39m=[32m"none"[39m
            [33mheight[39m=[32m"24"[39m
            [33mstroke[39m=[32m"currentColor"[39m
            [33mstroke-linecap[39m=[32m"round"[39m
            [33mstroke-linejoin[39m=[32m"round"[39m
            [33mstroke-width[39m=[32m"2"[39m
            [33mviewBox[39m=[32m"0 0 24 24"[39m
            [33mwidth[39m=[32m"24"[39m
            [33mxmlns[39m=[32m"http://www.w3.org/2000/svg"[39m
          [36m>[39m
            [36m<path[39m
              [33md[39m=[32m"M5 12l14 0"[39m
            [36m/>[39m
            [36m<path[39m
              [33md[39m=[32m"M5 12l6 6"[39m
            [36m/>[39m
            [36m<path[39m
              [33md[39m=[32m"M5 12l6 -6"[39m
            [36m/>[39m
          [36m</svg>[39m
          [0mback-to-staff-tenants[0m
        [36m</a>[39m
      [36m</div>[39m
      [36m<header[39m
        [33mclass[39m=[32m"flex shrink-0 flex-wrap items-start justify-between gap-4"[39m
      [36m>[39m
        [36m<div[39m
          [33mclass[39m=[32m"flex items-start gap-4"[39m
        [36m>[39m
          [36m<span[39m
            [33maria-hidden[39m=[32m"true"[39m
            [33mclass[39m=[32m"publy-brand-tile"[39m
            [33mdata-palette[39m=[32m"7"[39m
          [36m>[39m
            [0mAC[0m
          [36m</span>[39m
          [36m<div[39m
            [33mclass[39m=[32m"min-w-0 space-y-1"[39m
          [36m>[39m
            [36m<div[39m
              [33mclass[39m=[32m"flex flex-wrap items-center gap-2"[39m
            [36m>[39m
              [36m<h1[39m
                [33mclass[39m=[32m"publy-tenant-identity-name"[39m
              [36m>[39m
                [0mAcme Corporation[0m
              [36m</h1>[39m
              [36m<span[39m
                [33mclass[39m=[32m"publy-status-pill"[39m
                [33mdata-tone[39m=[32m"success"[39m
              [36m>[39m
                [0mstatus-active[0m
              [36m</span>[39m
            [36m</div>[39m
            [36m<p[39m
              [33mclass[39m=[32m"publy-tenant-identity-meta flex items-center gap-1"[39m
            [36m>[39m
              [36m<span[39m
                [33mclass[39m=[32m"publy-tenant-identity-meta-prefix"[39m
              [36m>[39m
                [0mpublyapp.com/[0m
              [36m</span>[39m
              [36m<span[39m
                [33mclass[39m=[32m"publy-tenant-identity-meta-code"[39m
              [36m>[39m
                [0mACME[0m
              [36m</span>[39m
              [36m<span[39m
                [33maria-live[39m=[32m"polite"[39m
                [33mclass[39m=[32m"sr-only"[39m
                [33mid[39m=[32m"«r11d»"[39m
                [33mrole[39m=[32m"status"[39m
              [36m/>[39m
              [36m<button[39m
                [33maria-label[39m=[32m"copy-slug"[39m
                [33mclass[39m=[32m"group/button inline-flex shrink-0 cursor-pointer items-center justify-center border border-transparent bg-clip-padding text-sm font-medium whitespace-nowrap transition-all outline-none select-none focus-visible:border-ring focus-visible:ring-3 focus-visible:ring-ring active:not-aria-[haspopup]:translate-y-px disabled:pointer-events-none disabled:cursor-not-allowed disabled:opacity-50 aria-invalid:border-destructive aria-invalid:ring-3 aria-invalid:ring-destructive/20 dark:aria-invalid:border-destructive/50 dark:aria-invalid:ring-destructive/40 aria-invalid:focus-visible:border-ring aria-invalid:focus-visible:ring-ring dark:aria-invalid:focus-visible:border-ring dark:aria-invalid:focus-visible:ring-ring [&_svg]:pointer-events-none [&_svg]:shrink-0 [&_svg:not([class*='size-'])]:size-4 hover:bg-muted hover:text-foreground aria-expanded:bg-muted aria-expanded:text-foreground dark:hover:bg-muted/50 size-8 rounded-[var(--publy-radius-small-control)]"[39m
                [33mdata-slot[39m=[32m"tooltip-trigger"[39m
                [33mdata-state[39m=[32m"idle"[39m
                [33mdata-testid[39m=[32m"tenant-meta-code-copy"[39m
                [33mid[39m=[32m"base-ui-«r11f»"[39m
                [33mtabindex[39m=[32m"0"[39m
                [33mtype[39m=[32m"button"[39m
              [36m>[39m
                [36m<svg[39m
                  [33maria-hidden[39m=[32m"true"[39m
                  [33mclass[39m=[32m"tabler-icon tabler-icon-copy size-3.5"[39m
                  [33mfill[39m=[32m"none"[39m
                  [33mheight[39m=[32m"24"[39m
                  [33mstroke[39m=[32m"currentColor"[39m
                  [33mstroke-linecap[39m=[32m"round"[39m
                  [33mstroke-linejoin[39m=[32m"round"[39m
                  [33mstroke-width[39m=[32m"2"[39m
                  [33mviewBox[39m=[32m"0 0 24 24"[39m
                  [33mwidth[39m=[32m"24"[39m
                  [33mxmlns[39m=[32m"http://www.w3.org/2000/svg"[39m
                [36m>[39m
                  [36m<path[39m
                    [33md[39m=[32m"M7 9.667a2.667 2.667 0 0 1 2.667 -2.667h8.666a2.667 2.667 0 0 1 2.667 2.667v8.666a2.667 2.667 0 0 1 -2.667 2.667h-8.666a2.667 2.667 0 0 1 -2.667 -2.667l0 -8.666"[39m
                  [36m/>[39m
                  [36m<path[39m
                    [33md[39m=[32m"M4.012 16.737a2.005 2.005 0 0 1 -1.012 -1.737v-10c0 -1.1 .9 -2 2 -2h10c.75 0 1.158 .385 1.5 1"[39m
                  [36m/>[39m
                [36m</svg>[39m
              [36m</button>[39m
              [36m<span>[39m
                [0m [0m
                [0m· [0m
                [0m12 members[0m
                [0m ·[0m
                [0m [0m
                [0mtenant-owner-count[0m
                [0m ·[0m
                [0m [0m
                [0msince-date[0m
              [36m</span>[39m
            [36m</p>[39m
          [36m</div>[39m
        [36m</div>[39m
        [36m<a[39m
          [33mclass[39m=[32m"group/button inline-flex shrink-0 cursor-pointer items-center justify-center border border-transparent bg-clip-padding text-sm font-medium whi...
 ❯ waitForWrapper ../../node_modules/.pnpm/@testing-library+dom@10.4.0/node_modules/@testing-library/dom/dist/wait-for.js:163:27
 ❯ ../../node_modules/.pnpm/@testing-library+dom@10.4.0/node_modules/@testing-library/dom/dist/query-helpers.js:86:33
 ❯ src/routes/authed/staff/tenants/$tenantId/profiles.test.tsx:1060:37
    1058|   fireEvent.click(screen.getByRole('checkbox', { name: 'Select all row…
    1059|
    1060|   const deleteButton = await screen.findByRole('button', {
       |                                     ^
    1061|    name: 'Delete selected',
    1062|   });

⎯⎯⎯⎯⎯⎯⎯⎯⎯⎯⎯⎯⎯⎯⎯⎯⎯⎯⎯⎯⎯⎯⎯⎯[1/4]⎯

 FAIL  |design-guards| src/routes/authed/staff/tenants.test.tsx > staff tenants route > disables the bulk actions trigger and shows the max-count message once selection exceeds BULK_ACTION_MAX_COUNT
Error: Test timed out in 5000ms.
If this is a long-running test, pass a timeout value as the last argument or configure it globally with "testTimeout".
 ❯ src/routes/authed/staff/tenants.test.tsx:681:2
    679|  // branch is real production code and must render correctly whenever …
    680|  // selection count does exceed the limit.
    681|  test('disables the bulk actions trigger and shows the max-count messa…
       |  ^
    682|   const manyRows = Array.from({ length: 101 }, (_, index) => ({
    683|    id: `tenant-${index}`,

⎯⎯⎯⎯⎯⎯⎯⎯⎯⎯⎯⎯⎯⎯⎯⎯⎯⎯⎯⎯⎯⎯⎯⎯[2/4]⎯

 FAIL  |design-guards| src/routes/authed/staff/tenants/$tenantId/profiles.test.tsx > staff tenant profiles route > disables bulk delete and shows the max-count message once selection exceeds BULK_ACTION_MAX_COUNT
TestingLibraryElementError: Unable to find role="button" and name "Delete selected"

Ignored nodes: comments, script, style
[36m<body[39m
  [33mstyle[39m=[32m""[39m
[36m>[39m
  [36m<div>[39m
    [36m<div[39m
      [33mclass[39m=[32m"publy-detail-page flex w-full flex-col gap-5 h-full min-h-0"[39m
      [33mdata-body-scroll[39m=[32m"contained"[39m
      [33mdata-testid[39m=[32m"staff-tenant-profiles-page"[39m
    [36m>[39m
      [36m<div[39m
        [33mclass[39m=[32m"flex shrink-0 flex-wrap items-center justify-between gap-3"[39m
      [36m>[39m
        [36m<a[39m
          [33mclass[39m=[32m"publy-back-link"[39m
          [33mhref[39m=[32m"/staff/tenants"[39m
        [36m>[39m
          [36m<svg[39m
            [33maria-hidden[39m=[32m"true"[39m
            [33mclass[39m=[32m"tabler-icon tabler-icon-arrow-left size-3"[39m
            [33mfill[39m=[32m"none"[39m
            [33mheight[39m=[32m"24"[39m
            [33mstroke[39m=[32m"currentColor"[39m
            [33mstroke-linecap[39m=[32m"round"[39m
            [33mstroke-linejoin[39m=[32m"round"[39m
            [33mstroke-width[39m=[32m"2"[39m
            [33mviewBox[39m=[32m"0 0 24 24"[39m
            [33mwidth[39m=[32m"24"[39m
            [33mxmlns[39m=[32m"http://www.w3.org/2000/svg"[39m
          [36m>[39m
            [36m<path[39m
              [33md[39m=[32m"M5 12l14 0"[39m
            [36m/>[39m
            [36m<path[39m
              [33md[39m=[32m"M5 12l6 6"[39m
            [36m/>[39m
            [36m<path[39m
              [33md[39m=[32m"M5 12l6 -6"[39m
            [36m/>[39m
          [36m</svg>[39m
          [0mback-to-staff-tenants[0m
        [36m</a>[39m
      [36m</div>[39m
      [36m<header[39m
        [33mclass[39m=[32m"flex shrink-0 flex-wrap items-start justify-between gap-4"[39m
      [36m>[39m
        [36m<div[39m
          [33mclass[39m=[32m"flex items-start gap-4"[39m
        [36m>[39m
          [36m<span[39m
            [33maria-hidden[39m=[32m"true"[39m
            [33mclass[39m=[32m"publy-brand-tile"[39m
            [33mdata-palette[39m=[32m"7"[39m
          [36m>[39m
            [0mAC[0m
          [36m</span>[39m
          [36m<div[39m
            [33mclass[39m=[32m"min-w-0 space-y-1"[39m
          [36m>[39m
            [36m<div[39m
              [33mclass[39m=[32m"flex flex-wrap items-center gap-2"[39m
            [36m>[39m
              [36m<h1[39m
                [33mclass[39m=[32m"publy-tenant-identity-name"[39m
              [36m>[39m
                [0mAcme Corporation[0m
              [36m</h1>[39m
              [36m<span[39m
                [33mclass[39m=[32m"publy-status-pill"[39m
                [33mdata-tone[39m=[32m"success"[39m
              [36m>[39m
                [0mstatus-active[0m
              [36m</span>[39m
            [36m</div>[39m
            [36m<p[39m
              [33mclass[39m=[32m"publy-tenant-identity-meta flex items-center gap-1"[39m
            [36m>[39m
              [36m<span[39m
                [33mclass[39m=[32m"publy-tenant-identity-meta-prefix"[39m
              [36m>[39m
                [0mpublyapp.com/[0m
              [36m</span>[39m
              [36m<span[39m
                [33mclass[39m=[32m"publy-tenant-identity-meta-code"[39m
              [36m>[39m
                [0mACME[0m
              [36m</span>[39m
              [36m<span[39m
                [33maria-live[39m=[32m"polite"[39m
                [33mclass[39m=[32m"sr-only"[39m
                [33mid[39m=[32m"«r11d»"[39m
                [33mrole[39m=[32m"status"[39m
              [36m/>[39m
              [36m<button[39m
                [33maria-label[39m=[32m"copy-slug"[39m
                [33mclass[39m=[32m"group/button inline-flex shrink-0 cursor-pointer items-center justify-center border border-transparent bg-clip-padding text-sm font-medium whitespace-nowrap transition-all outline-none select-none focus-visible:border-ring focus-visible:ring-3 focus-visible:ring-ring active:not-aria-[haspopup]:translate-y-px disabled:pointer-events-none disabled:cursor-not-allowed disabled:opacity-50 aria-invalid:border-destructive aria-invalid:ring-3 aria-invalid:ring-destructive/20 dark:aria-invalid:border-destructive/50 dark:aria-invalid:ring-destructive/40 aria-invalid:focus-visible:border-ring aria-invalid:focus-visible:ring-ring dark:aria-invalid:focus-visible:border-ring dark:aria-invalid:focus-visible:ring-ring [&_svg]:pointer-events-none [&_svg]:shrink-0 [&_svg:not([class*='size-'])]:size-4 hover:bg-muted hover:text-foreground aria-expanded:bg-muted aria-expanded:text-foreground dark:hover:bg-muted/50 size-8 rounded-[var(--publy-radius-small-control)]"[39m
                [33mdata-slot[39m=[32m"tooltip-trigger"[39m
                [33mdata-state[39m=[32m"idle"[39m
                [33mdata-testid[39m=[32m"tenant-meta-code-copy"[39m
                [33mid[39m=[32m"base-ui-«r11f»"[39m
                [33mtabindex[39m=[32m"0"[39m
                [33mtype[39m=[32m"button"[39m
              [36m>[39m
                [36m<svg[39m
                  [33maria-hidden[39m=[32m"true"[39m
                  [33mclass[39m=[32m"tabler-icon tabler-icon-copy size-3.5"[39m
                  [33mfill[39m=[32m"none"[39m
                  [33mheight[39m=[32m"24"[39m
                  [33mstroke[39m=[32m"currentColor"[39m
                  [33mstroke-linecap[39m=[32m"round"[39m
                  [33mstroke-linejoin[39m=[32m"round"[39m
                  [33mstroke-width[39m=[32m"2"[39m
                  [33mviewBox[39m=[32m"0 0 24 24"[39m
                  [33mwidth[39m=[32m"24"[39m
                  [33mxmlns[39m=[32m"http://www.w3.org/2000/svg"[39m
                [36m>[39m
                  [36m<path[39m
                    [33md[39m=[32m"M7 9.667a2.667 2.667 0 0 1 2.667 -2.667h8.666a2.667 2.667 0 0 1 2.667 2.667v8.666a2.667 2.667 0 0 1 -2.667 2.667h-8.666a2.667 2.667 0 0 1 -2.667 -2.667l0 -8.666"[39m
                  [36m/>[39m
                  [36m<path[39m
                    [33md[39m=[32m"M4.012 16.737a2.005 2.005 0 0 1 -1.012 -1.737v-10c0 -1.1 .9 -2 2 -2h10c.75 0 1.158 .385 1.5 1"[39m
                  [36m/>[39m
                [36m</svg>[39m
              [36m</button>[39m
              [36m<span>[39m
                [0m [0m
                [0m· [0m
                [0m12 members[0m
                [0m ·[0m
                [0m [0m
                [0mtenant-owner-count[0m
                [0m ·[0m
                [0m [0m
                [0msince-date[0m
              [36m</span>[39m
            [36m</p>[39m
          [36m</div>[39m
        [36m</div>[39m
        [36m<a[39m
          [33mclass[39m=[32m"group/button inline-flex shrink-0 cursor-pointer items-center justify-center border border-transparent bg-clip-padding text-sm font-medium whi...

Ignored nodes: comments, script, style
[36m<body[39m
  [33mstyle[39m=[32m""[39m
[36m>[39m
  [36m<div>[39m
    [36m<div[39m
      [33mclass[39m=[32m"publy-detail-page flex w-full flex-col gap-5 h-full min-h-0"[39m
      [33mdata-body-scroll[39m=[32m"contained"[39m
      [33mdata-testid[39m=[32m"staff-tenant-profiles-page"[39m
    [36m>[39m
      [36m<div[39m
        [33mclass[39m=[32m"flex shrink-0 flex-wrap items-center justify-between gap-3"[39m
      [36m>[39m
        [36m<a[39m
          [33mclass[39m=[32m"publy-back-link"[39m
          [33mhref[39m=[32m"/staff/tenants"[39m
        [36m>[39m
          [36m<svg[39m
            [33maria-hidden[39m=[32m"true"[39m
            [33mclass[39m=[32m"tabler-icon tabler-icon-arrow-left size-3"[39m
            [33mfill[39m=[32m"none"[39m
            [33mheight[39m=[32m"24"[39m
            [33mstroke[39m=[32m"currentColor"[39m
            [33mstroke-linecap[39m=[32m"round"[39m
            [33mstroke-linejoin[39m=[32m"round"[39m
            [33mstroke-width[39m=[32m"2"[39m
            [33mviewBox[39m=[32m"0 0 24 24"[39m
            [33mwidth[39m=[32m"24"[39m
            [33mxmlns[39m=[32m"http://www.w3.org/2000/svg"[39m
          [36m>[39m
            [36m<path[39m
              [33md[39m=[32m"M5 12l14 0"[39m
            [36m/>[39m
            [36m<path[39m
              [33md[39m=[32m"M5 12l6 6"[39m
            [36m/>[39m
            [36m<path[39m
              [33md[39m=[32m"M5 12l6 -6"[39m
            [36m/>[39m
          [36m</svg>[39m
          [0mback-to-staff-tenants[0m
        [36m</a>[39m
      [36m</div>[39m
      [36m<header[39m
        [33mclass[39m=[32m"flex shrink-0 flex-wrap items-start justify-between gap-4"[39m
      [36m>[39m
        [36m<div[39m
          [33mclass[39m=[32m"flex items-start gap-4"[39m
        [36m>[39m
          [36m<span[39m
            [33maria-hidden[39m=[32m"true"[39m
            [33mclass[39m=[32m"publy-brand-tile"[39m
            [33mdata-palette[39m=[32m"7"[39m
          [36m>[39m
            [0mAC[0m
          [36m</span>[39m
          [36m<div[39m
            [33mclass[39m=[32m"min-w-0 space-y-1"[39m
          [36m>[39m
            [36m<div[39m
              [33mclass[39m=[32m"flex flex-wrap items-center gap-2"[39m
            [36m>[39m
              [36m<h1[39m
                [33mclass[39m=[32m"publy-tenant-identity-name"[39m
              [36m>[39m
                [0mAcme Corporation[0m
              [36m</h1>[39m
              [36m<span[39m
                [33mclass[39m=[32m"publy-status-pill"[39m
                [33mdata-tone[39m=[32m"success"[39m
              [36m>[39m
                [0mstatus-active[0m
              [36m</span>[39m
            [36m</div>[39m
            [36m<p[39m
              [33mclass[39m=[32m"publy-tenant-identity-meta flex items-center gap-1"[39m
            [36m>[39m
              [36m<span[39m
                [33mclass[39m=[32m"publy-tenant-identity-meta-prefix"[39m
              [36m>[39m
                [0mpublyapp.com/[0m
              [36m</span>[39m
              [36m<span[39m
                [33mclass[39m=[32m"publy-tenant-identity-meta-code"[39m
              [36m>[39m
                [0mACME[0m
              [36m</span>[39m
              [36m<span[39m
                [33maria-live[39m=[32m"polite"[39m
                [33mclass[39m=[32m"sr-only"[39m
                [33mid[39m=[32m"«r11d»"[39m
                [33mrole[39m=[32m"status"[39m
              [36m/>[39m
              [36m<button[39m
                [33maria-label[39m=[32m"copy-slug"[39m
                [33mclass[39m=[32m"group/button inline-flex shrink-0 cursor-pointer items-center justify-center border border-transparent bg-clip-padding text-sm font-medium whitespace-nowrap transition-all outline-none select-none focus-visible:border-ring focus-visible:ring-3 focus-visible:ring-ring active:not-aria-[haspopup]:translate-y-px disabled:pointer-events-none disabled:cursor-not-allowed disabled:opacity-50 aria-invalid:border-destructive aria-invalid:ring-3 aria-invalid:ring-destructive/20 dark:aria-invalid:border-destructive/50 dark:aria-invalid:ring-destructive/40 aria-invalid:focus-visible:border-ring aria-invalid:focus-visible:ring-ring dark:aria-invalid:focus-visible:border-ring dark:aria-invalid:focus-visible:ring-ring [&_svg]:pointer-events-none [&_svg]:shrink-0 [&_svg:not([class*='size-'])]:size-4 hover:bg-muted hover:text-foreground aria-expanded:bg-muted aria-expanded:text-foreground dark:hover:bg-muted/50 size-8 rounded-[var(--publy-radius-small-control)]"[39m
                [33mdata-slot[39m=[32m"tooltip-trigger"[39m
                [33mdata-state[39m=[32m"idle"[39m
                [33mdata-testid[39m=[32m"tenant-meta-code-copy"[39m
                [33mid[39m=[32m"base-ui-«r11f»"[39m
                [33mtabindex[39m=[32m"0"[39m
                [33mtype[39m=[32m"button"[39m
              [36m>[39m
                [36m<svg[39m
                  [33maria-hidden[39m=[32m"true"[39m
                  [33mclass[39m=[32m"tabler-icon tabler-icon-copy size-3.5"[39m
                  [33mfill[39m=[32m"none"[39m
                  [33mheight[39m=[32m"24"[39m
                  [33mstroke[39m=[32m"currentColor"[39m
                  [33mstroke-linecap[39m=[32m"round"[39m
                  [33mstroke-linejoin[39m=[32m"round"[39m
                  [33mstroke-width[39m=[32m"2"[39m
                  [33mviewBox[39m=[32m"0 0 24 24"[39m
                  [33mwidth[39m=[32m"24"[39m
                  [33mxmlns[39m=[32m"http://www.w3.org/2000/svg"[39m
                [36m>[39m
                  [36m<path[39m
                    [33md[39m=[32m"M7 9.667a2.667 2.667 0 0 1 2.667 -2.667h8.666a2.667 2.667 0 0 1 2.667 2.667v8.666a2.667 2.667 0 0 1 -2.667 2.667h-8.666a2.667 2.667 0 0 1 -2.667 -2.667l0 -8.666"[39m
                  [36m/>[39m
                  [36m<path[39m
                    [33md[39m=[32m"M4.012 16.737a2.005 2.005 0 0 1 -1.012 -1.737v-10c0 -1.1 .9 -2 2 -2h10c.75 0 1.158 .385 1.5 1"[39m
                  [36m/>[39m
                [36m</svg>[39m
              [36m</button>[39m
              [36m<span>[39m
                [0m [0m
                [0m· [0m
                [0m12 members[0m
                [0m ·[0m
                [0m [0m
                [0mtenant-owner-count[0m
                [0m ·[0m
                [0m [0m
                [0msince-date[0m
              [36m</span>[39m
            [36m</p>[39m
          [36m</div>[39m
        [36m</div>[39m
        [36m<a[39m
          [33mclass[39m=[32m"group/button inline-flex shrink-0 cursor-pointer items-center justify-center border border-transparent bg-clip-padding text-sm font-medium whi...
 ❯ waitForWrapper ../../node_modules/.pnpm/@testing-library+dom@10.4.0/node_modules/@testing-library/dom/dist/wait-for.js:163:27
 ❯ ../../node_modules/.pnpm/@testing-library+dom@10.4.0/node_modules/@testing-library/dom/dist/query-helpers.js:86:33
 ❯ src/routes/authed/staff/tenants/$tenantId/profiles.test.tsx:1060:37
    1058|   fireEvent.click(screen.getByRole('checkbox', { name: 'Select all row…
    1059|
    1060|   const deleteButton = await screen.findByRole('button', {
       |                                     ^
    1061|    name: 'Delete selected',
    1062|   });

⎯⎯⎯⎯⎯⎯⎯⎯⎯⎯⎯⎯⎯⎯⎯⎯⎯⎯⎯⎯⎯⎯⎯⎯[3/4]⎯

 FAIL  |design-guards| src/routes/authed/staff/tenants/$tenantId/users.test.tsx > staff tenant users route > disables the bulk actions trigger and shows the max-count message once selection exceeds BULK_ACTION_MAX_COUNT
Error: Test timed out in 5000ms.
If this is a long-running test, pass a timeout value as the last argument or configure it globally with "testTimeout".
 ❯ src/routes/authed/staff/tenants/$tenantId/users.test.tsx:642:2
    640|  // branch is real production code and must render correctly whenever …
    641|  // selection count does exceed the limit.
    642|  test('disables the bulk actions trigger and shows the max-count messa…
       |  ^
    643|   const manyRows = Array.from({ length: 101 }, (_, index) => ({
    644|    id: `user-${index}`,

⎯⎯⎯⎯⎯⎯⎯⎯⎯⎯⎯⎯⎯⎯⎯⎯⎯⎯⎯⎯⎯⎯⎯⎯[4/4]⎯


 Test Files  4 failed | 4 passed (8)
      Tests  4 failed | 285 passed (289)
   Start at  07:07:23
   Duration  102.90s (transform 4.71s, setup 2.26s, import 12.54s, tests 76.47s, environment 9.08s)

[heavy] stopped after 150s
[heavy] stopped after 150s

=== REPRO RESULT: status=1 wall=104.7s ===
